<?xml version="1.0" encoding="ISO-8859-1" ?>
<link_info>
   <banner>TI ARM Clang Linker PC v4.0.1.LTS</banner>
   <copyright>Copyright (c) 1996-2018 Texas Instruments Incorporated</copyright>
   <command_line>C:\ti\ccs2000\ccs\tools\compiler\ti-cgt-armllvm_4.0.1.LTS\bin\tiarmlnk -IC:\ti\ccs2000\ccs\tools\compiler\ti-cgt-armllvm_4.0.1.LTS\lib -o ECE319K_Lab9H.out -mECE319K_Lab9H.map --heap_size=512 --stack_size=512 -iC:/Users/shrre/OneDrive/Desktop/MSPM0_ValvanoWare/ECE319K_Lab9H/Debug/syscfg -iC:/ti/ccs2000/ccs/tools/compiler/ti-cgt-armllvm_4.0.1.LTS/lib --diag_wrap=off --display_error_number --warn_sections --xml_link_info=ECE319K_Lab9H_linkInfo.xml --rom_model ./Clock.o ./DAC5.o ./LED.o ./Lab9HMain.o ./LaunchPad.o ./SPI.o ./ST7735.o ./SlidePot.o ./SmallFont.o ./Sound.o ./Switch.o ./TExaS.o ./Timer.o ./images/pipedreams/PipeSound.o ./ticlang/startup_mspm0g3507_ticlang.o ../mspm0g3507.cmd -lC:/ti/mspm0_sdk_2_03_00_07/source/ti/driverlib/lib/ticlang/m0p/mspm0g1x0x_g3x0x/driverlib.a -llibc.a --start-group -llibc++.a -llibc++abi.a -llibc.a -llibsys.a -llibsysbm.a -llibclang_rt.builtins.a -llibclang_rt.profile.a --end-group --cg_opt_level=0</command_line>
   <link_time>0x6809d326</link_time>
   <link_errors>0x0</link_errors>
   <output_file>C:\Users\shrre\OneDrive\Desktop\MSPM0_ValvanoWare\ECE319K_Lab9H\Debug\ECE319K_Lab9H.out</output_file>
   <entry_point>
      <name>_c_int00_noargs</name>
      <address>0x1d489</address>
   </entry_point>
   <input_file_list>
      <input_file id="fl-1">
         <path>C:\Users\shrre\OneDrive\Desktop\MSPM0_ValvanoWare\ECE319K_Lab9H\Debug\.\</path>
         <kind>object</kind>
         <file>Clock.o</file>
         <name>Clock.o</name>
      </input_file>
      <input_file id="fl-2">
         <path>C:\Users\shrre\OneDrive\Desktop\MSPM0_ValvanoWare\ECE319K_Lab9H\Debug\.\</path>
         <kind>object</kind>
         <file>DAC5.o</file>
         <name>DAC5.o</name>
      </input_file>
      <input_file id="fl-3">
         <path>C:\Users\shrre\OneDrive\Desktop\MSPM0_ValvanoWare\ECE319K_Lab9H\Debug\.\</path>
         <kind>object</kind>
         <file>LED.o</file>
         <name>LED.o</name>
      </input_file>
      <input_file id="fl-4">
         <path>C:\Users\shrre\OneDrive\Desktop\MSPM0_ValvanoWare\ECE319K_Lab9H\Debug\.\</path>
         <kind>object</kind>
         <file>Lab9HMain.o</file>
         <name>Lab9HMain.o</name>
      </input_file>
      <input_file id="fl-5">
         <path>C:\Users\shrre\OneDrive\Desktop\MSPM0_ValvanoWare\ECE319K_Lab9H\Debug\.\</path>
         <kind>object</kind>
         <file>LaunchPad.o</file>
         <name>LaunchPad.o</name>
      </input_file>
      <input_file id="fl-6">
         <path>C:\Users\shrre\OneDrive\Desktop\MSPM0_ValvanoWare\ECE319K_Lab9H\Debug\.\</path>
         <kind>object</kind>
         <file>SPI.o</file>
         <name>SPI.o</name>
      </input_file>
      <input_file id="fl-7">
         <path>C:\Users\shrre\OneDrive\Desktop\MSPM0_ValvanoWare\ECE319K_Lab9H\Debug\.\</path>
         <kind>object</kind>
         <file>ST7735.o</file>
         <name>ST7735.o</name>
      </input_file>
      <input_file id="fl-8">
         <path>C:\Users\shrre\OneDrive\Desktop\MSPM0_ValvanoWare\ECE319K_Lab9H\Debug\.\</path>
         <kind>object</kind>
         <file>SlidePot.o</file>
         <name>SlidePot.o</name>
      </input_file>
      <input_file id="fl-9">
         <path>C:\Users\shrre\OneDrive\Desktop\MSPM0_ValvanoWare\ECE319K_Lab9H\Debug\.\</path>
         <kind>object</kind>
         <file>SmallFont.o</file>
         <name>SmallFont.o</name>
      </input_file>
      <input_file id="fl-a">
         <path>C:\Users\shrre\OneDrive\Desktop\MSPM0_ValvanoWare\ECE319K_Lab9H\Debug\.\</path>
         <kind>object</kind>
         <file>Sound.o</file>
         <name>Sound.o</name>
      </input_file>
      <input_file id="fl-b">
         <path>C:\Users\shrre\OneDrive\Desktop\MSPM0_ValvanoWare\ECE319K_Lab9H\Debug\.\</path>
         <kind>object</kind>
         <file>Switch.o</file>
         <name>Switch.o</name>
      </input_file>
      <input_file id="fl-c">
         <path>C:\Users\shrre\OneDrive\Desktop\MSPM0_ValvanoWare\ECE319K_Lab9H\Debug\.\</path>
         <kind>object</kind>
         <file>TExaS.o</file>
         <name>TExaS.o</name>
      </input_file>
      <input_file id="fl-d">
         <path>C:\Users\shrre\OneDrive\Desktop\MSPM0_ValvanoWare\ECE319K_Lab9H\Debug\.\</path>
         <kind>object</kind>
         <file>Timer.o</file>
         <name>Timer.o</name>
      </input_file>
      <input_file id="fl-e">
         <path>C:\Users\shrre\OneDrive\Desktop\MSPM0_ValvanoWare\ECE319K_Lab9H\Debug\.\images\pipedreams\</path>
         <kind>object</kind>
         <file>PipeSound.o</file>
         <name>PipeSound.o</name>
      </input_file>
      <input_file id="fl-f">
         <path>C:\Users\shrre\OneDrive\Desktop\MSPM0_ValvanoWare\ECE319K_Lab9H\Debug\.\ticlang\</path>
         <kind>object</kind>
         <file>startup_mspm0g3507_ticlang.o</file>
         <name>startup_mspm0g3507_ticlang.o</name>
      </input_file>
      <input_file id="fl-1b">
         <path>C:\Users\shrre\OneDrive\Desktop\MSPM0_ValvanoWare\ECE319K_Lab9H\Debug\</path>
         <kind>object</kind>
         <file>&lt;internal&gt;</file>
         <name>&lt;internal&gt;</name>
      </input_file>
      <input_file id="fl-30">
         <path>C:\ti\ccs2000\ccs\tools\compiler\ti-cgt-armllvm_4.0.1.LTS\lib\armv6m-ti-none-eabi\c\</path>
         <kind>archive</kind>
         <file>libc.a</file>
         <name>fopen.c.obj</name>
      </input_file>
      <input_file id="fl-31">
         <path>C:\ti\ccs2000\ccs\tools\compiler\ti-cgt-armllvm_4.0.1.LTS\lib\armv6m-ti-none-eabi\c\</path>
         <kind>archive</kind>
         <file>libc.a</file>
         <name>setvbuf.c.obj</name>
      </input_file>
      <input_file id="fl-32">
         <path>C:\ti\ccs2000\ccs\tools\compiler\ti-cgt-armllvm_4.0.1.LTS\lib\armv6m-ti-none-eabi\c\</path>
         <kind>archive</kind>
         <file>libc.a</file>
         <name>aeabi_portable.c.obj</name>
      </input_file>
      <input_file id="fl-33">
         <path>C:\ti\ccs2000\ccs\tools\compiler\ti-cgt-armllvm_4.0.1.LTS\lib\armv6m-ti-none-eabi\c\</path>
         <kind>archive</kind>
         <file>libc.a</file>
         <name>exit.c.obj</name>
      </input_file>
      <input_file id="fl-34">
         <path>C:\ti\ccs2000\ccs\tools\compiler\ti-cgt-armllvm_4.0.1.LTS\lib\armv6m-ti-none-eabi\c\</path>
         <kind>archive</kind>
         <file>libc.a</file>
         <name>_lock.c.obj</name>
      </input_file>
      <input_file id="fl-35">
         <path>C:\ti\ccs2000\ccs\tools\compiler\ti-cgt-armllvm_4.0.1.LTS\lib\armv6m-ti-none-eabi\c\</path>
         <kind>archive</kind>
         <file>libc.a</file>
         <name>assert.c.obj</name>
      </input_file>
      <input_file id="fl-36">
         <path>C:\ti\ccs2000\ccs\tools\compiler\ti-cgt-armllvm_4.0.1.LTS\lib\armv6m-ti-none-eabi\c\</path>
         <kind>archive</kind>
         <file>libc.a</file>
         <name>defs.c.obj</name>
      </input_file>
      <input_file id="fl-37">
         <path>C:\ti\ccs2000\ccs\tools\compiler\ti-cgt-armllvm_4.0.1.LTS\lib\armv6m-ti-none-eabi\c\</path>
         <kind>archive</kind>
         <file>libc.a</file>
         <name>memory.c.obj</name>
      </input_file>
      <input_file id="fl-38">
         <path>C:\ti\ccs2000\ccs\tools\compiler\ti-cgt-armllvm_4.0.1.LTS\lib\armv6m-ti-none-eabi\c\</path>
         <kind>archive</kind>
         <file>libc.a</file>
         <name>copy_zero_init.c.obj</name>
      </input_file>
      <input_file id="fl-39">
         <path>C:\ti\ccs2000\ccs\tools\compiler\ti-cgt-armllvm_4.0.1.LTS\lib\armv6m-ti-none-eabi\c\</path>
         <kind>archive</kind>
         <file>libc.a</file>
         <name>copy_decompress_none.c.obj</name>
      </input_file>
      <input_file id="fl-3a">
         <path>C:\ti\ccs2000\ccs\tools\compiler\ti-cgt-armllvm_4.0.1.LTS\lib\armv6m-ti-none-eabi\c\</path>
         <kind>archive</kind>
         <file>libc.a</file>
         <name>copy_decompress_lzss.c.obj</name>
      </input_file>
      <input_file id="fl-3b">
         <path>C:\ti\ccs2000\ccs\tools\compiler\ti-cgt-armllvm_4.0.1.LTS\lib\armv6m-ti-none-eabi\c\</path>
         <kind>archive</kind>
         <file>libc.a</file>
         <name>boot_cortex_m.c.obj</name>
      </input_file>
      <input_file id="fl-3c">
         <path>C:\ti\ccs2000\ccs\tools\compiler\ti-cgt-armllvm_4.0.1.LTS\lib\armv6m-ti-none-eabi\c\</path>
         <kind>archive</kind>
         <file>libc.a</file>
         <name>mathacl_init.c.obj</name>
      </input_file>
      <input_file id="fl-3d">
         <path>C:\ti\ccs2000\ccs\tools\compiler\ti-cgt-armllvm_4.0.1.LTS\lib\armv6m-ti-none-eabi\c\</path>
         <kind>archive</kind>
         <file>libc.a</file>
         <name>sprintf.c.obj</name>
      </input_file>
      <input_file id="fl-3e">
         <path>C:\ti\ccs2000\ccs\tools\compiler\ti-cgt-armllvm_4.0.1.LTS\lib\armv6m-ti-none-eabi\c\</path>
         <kind>archive</kind>
         <file>libc.a</file>
         <name>fclose.c.obj</name>
      </input_file>
      <input_file id="fl-3f">
         <path>C:\ti\ccs2000\ccs\tools\compiler\ti-cgt-armllvm_4.0.1.LTS\lib\armv6m-ti-none-eabi\c\</path>
         <kind>archive</kind>
         <file>libc.a</file>
         <name>fflush.c.obj</name>
      </input_file>
      <input_file id="fl-40">
         <path>C:\ti\ccs2000\ccs\tools\compiler\ti-cgt-armllvm_4.0.1.LTS\lib\armv6m-ti-none-eabi\c\</path>
         <kind>archive</kind>
         <file>libc.a</file>
         <name>fputs.c.obj</name>
      </input_file>
      <input_file id="fl-41">
         <path>C:\ti\ccs2000\ccs\tools\compiler\ti-cgt-armllvm_4.0.1.LTS\lib\armv6m-ti-none-eabi\c\</path>
         <kind>archive</kind>
         <file>libc.a</file>
         <name>_io_perm.c.obj</name>
      </input_file>
      <input_file id="fl-42">
         <path>C:\ti\ccs2000\ccs\tools\compiler\ti-cgt-armllvm_4.0.1.LTS\lib\armv6m-ti-none-eabi\c\</path>
         <kind>archive</kind>
         <file>libc.a</file>
         <name>args_main.c.obj</name>
      </input_file>
      <input_file id="fl-43">
         <path>C:\ti\ccs2000\ccs\tools\compiler\ti-cgt-armllvm_4.0.1.LTS\lib\armv6m-ti-none-eabi\c\</path>
         <kind>archive</kind>
         <file>libc.a</file>
         <name>autoinit.c.obj</name>
      </input_file>
      <input_file id="fl-44">
         <path>C:\ti\ccs2000\ccs\tools\compiler\ti-cgt-armllvm_4.0.1.LTS\lib\armv6m-ti-none-eabi\c\</path>
         <kind>archive</kind>
         <file>libc.a</file>
         <name>pre_init.c.obj</name>
      </input_file>
      <input_file id="fl-45">
         <path>C:\ti\ccs2000\ccs\tools\compiler\ti-cgt-armllvm_4.0.1.LTS\lib\armv6m-ti-none-eabi\c\</path>
         <kind>archive</kind>
         <file>libc.a</file>
         <name>cpy_tbl.c.obj</name>
      </input_file>
      <input_file id="fl-46">
         <path>C:\ti\ccs2000\ccs\tools\compiler\ti-cgt-armllvm_4.0.1.LTS\lib\armv6m-ti-none-eabi\c\</path>
         <kind>archive</kind>
         <file>libc.a</file>
         <name>_printfi.c.obj</name>
      </input_file>
      <input_file id="fl-47">
         <path>C:\ti\ccs2000\ccs\tools\compiler\ti-cgt-armllvm_4.0.1.LTS\lib\armv6m-ti-none-eabi\c\</path>
         <kind>archive</kind>
         <file>libc.a</file>
         <name>fseek.c.obj</name>
      </input_file>
      <input_file id="fl-48">
         <path>C:\ti\ccs2000\ccs\tools\compiler\ti-cgt-armllvm_4.0.1.LTS\lib\armv6m-ti-none-eabi\c\</path>
         <kind>archive</kind>
         <file>libc.a</file>
         <name>wcslen.c.obj</name>
      </input_file>
      <input_file id="fl-49">
         <path>C:\ti\ccs2000\ccs\tools\compiler\ti-cgt-armllvm_4.0.1.LTS\lib\armv6m-ti-none-eabi\c\</path>
         <kind>archive</kind>
         <file>libc.a</file>
         <name>_ltoa.c.obj</name>
      </input_file>
      <input_file id="fl-4a">
         <path>C:\ti\ccs2000\ccs\tools\compiler\ti-cgt-armllvm_4.0.1.LTS\lib\armv6m-ti-none-eabi\c\</path>
         <kind>archive</kind>
         <file>libc.a</file>
         <name>atoi.c.obj</name>
      </input_file>
      <input_file id="fl-4b">
         <path>C:\ti\ccs2000\ccs\tools\compiler\ti-cgt-armllvm_4.0.1.LTS\lib\armv6m-ti-none-eabi\c\</path>
         <kind>archive</kind>
         <file>libc.a</file>
         <name>memccpy.c.obj</name>
      </input_file>
      <input_file id="fl-4c">
         <path>C:\ti\ccs2000\ccs\tools\compiler\ti-cgt-armllvm_4.0.1.LTS\lib\armv6m-ti-none-eabi\c\</path>
         <kind>archive</kind>
         <file>libc.a</file>
         <name>s_frexp.c.obj</name>
      </input_file>
      <input_file id="fl-4d">
         <path>C:\ti\ccs2000\ccs\tools\compiler\ti-cgt-armllvm_4.0.1.LTS\lib\armv6m-ti-none-eabi\c\</path>
         <kind>archive</kind>
         <file>libc.a</file>
         <name>s_scalbn.c.obj</name>
      </input_file>
      <input_file id="fl-4e">
         <path>C:\ti\ccs2000\ccs\tools\compiler\ti-cgt-armllvm_4.0.1.LTS\lib\armv6m-ti-none-eabi\c\</path>
         <kind>archive</kind>
         <file>libc.a</file>
         <name>aeabi_ctype.S.obj</name>
      </input_file>
      <input_file id="fl-e4">
         <path>C:\ti\ccs2000\ccs\tools\compiler\ti-cgt-armllvm_4.0.1.LTS\lib\armv6m-ti-none-eabi\c\</path>
         <kind>archive</kind>
         <file>libsysbm.a</file>
         <name>write.c.obj</name>
      </input_file>
      <input_file id="fl-e5">
         <path>C:\ti\ccs2000\ccs\tools\compiler\ti-cgt-armllvm_4.0.1.LTS\lib\armv6m-ti-none-eabi\c\</path>
         <kind>archive</kind>
         <file>libsysbm.a</file>
         <name>host_device.c.obj</name>
      </input_file>
      <input_file id="fl-e6">
         <path>C:\ti\ccs2000\ccs\tools\compiler\ti-cgt-armllvm_4.0.1.LTS\lib\armv6m-ti-none-eabi\c\</path>
         <kind>archive</kind>
         <file>libsysbm.a</file>
         <name>remove.c.obj</name>
      </input_file>
      <input_file id="fl-e7">
         <path>C:\ti\ccs2000\ccs\tools\compiler\ti-cgt-armllvm_4.0.1.LTS\lib\armv6m-ti-none-eabi\c\</path>
         <kind>archive</kind>
         <file>libsysbm.a</file>
         <name>open.c.obj</name>
      </input_file>
      <input_file id="fl-e8">
         <path>C:\ti\ccs2000\ccs\tools\compiler\ti-cgt-armllvm_4.0.1.LTS\lib\armv6m-ti-none-eabi\c\</path>
         <kind>archive</kind>
         <file>libsysbm.a</file>
         <name>lseek.c.obj</name>
      </input_file>
      <input_file id="fl-e9">
         <path>C:\ti\ccs2000\ccs\tools\compiler\ti-cgt-armllvm_4.0.1.LTS\lib\armv6m-ti-none-eabi\c\</path>
         <kind>archive</kind>
         <file>libsysbm.a</file>
         <name>close.c.obj</name>
      </input_file>
      <input_file id="fl-ea">
         <path>C:\ti\ccs2000\ccs\tools\compiler\ti-cgt-armllvm_4.0.1.LTS\lib\armv6m-ti-none-eabi\c\</path>
         <kind>archive</kind>
         <file>libsysbm.a</file>
         <name>add_device.c.obj</name>
      </input_file>
      <input_file id="fl-eb">
         <path>C:\ti\ccs2000\ccs\tools\compiler\ti-cgt-armllvm_4.0.1.LTS\lib\armv6m-ti-none-eabi\c\</path>
         <kind>archive</kind>
         <file>libsysbm.a</file>
         <name>unlink.c.obj</name>
      </input_file>
      <input_file id="fl-ec">
         <path>C:\ti\ccs2000\ccs\tools\compiler\ti-cgt-armllvm_4.0.1.LTS\lib\armv6m-ti-none-eabi\c\</path>
         <kind>archive</kind>
         <file>libsysbm.a</file>
         <name>hostclose.c.obj</name>
      </input_file>
      <input_file id="fl-ed">
         <path>C:\ti\ccs2000\ccs\tools\compiler\ti-cgt-armllvm_4.0.1.LTS\lib\armv6m-ti-none-eabi\c\</path>
         <kind>archive</kind>
         <file>libsysbm.a</file>
         <name>hostlseek.c.obj</name>
      </input_file>
      <input_file id="fl-ee">
         <path>C:\ti\ccs2000\ccs\tools\compiler\ti-cgt-armllvm_4.0.1.LTS\lib\armv6m-ti-none-eabi\c\</path>
         <kind>archive</kind>
         <file>libsysbm.a</file>
         <name>hostopen.c.obj</name>
      </input_file>
      <input_file id="fl-ef">
         <path>C:\ti\ccs2000\ccs\tools\compiler\ti-cgt-armllvm_4.0.1.LTS\lib\armv6m-ti-none-eabi\c\</path>
         <kind>archive</kind>
         <file>libsysbm.a</file>
         <name>hostread.c.obj</name>
      </input_file>
      <input_file id="fl-f0">
         <path>C:\ti\ccs2000\ccs\tools\compiler\ti-cgt-armllvm_4.0.1.LTS\lib\armv6m-ti-none-eabi\c\</path>
         <kind>archive</kind>
         <file>libsysbm.a</file>
         <name>hostrename.c.obj</name>
      </input_file>
      <input_file id="fl-f1">
         <path>C:\ti\ccs2000\ccs\tools\compiler\ti-cgt-armllvm_4.0.1.LTS\lib\armv6m-ti-none-eabi\c\</path>
         <kind>archive</kind>
         <file>libsysbm.a</file>
         <name>hostunlink.c.obj</name>
      </input_file>
      <input_file id="fl-f2">
         <path>C:\ti\ccs2000\ccs\tools\compiler\ti-cgt-armllvm_4.0.1.LTS\lib\armv6m-ti-none-eabi\c\</path>
         <kind>archive</kind>
         <file>libsysbm.a</file>
         <name>hostwrite.c.obj</name>
      </input_file>
      <input_file id="fl-f3">
         <path>C:\ti\ccs2000\ccs\tools\compiler\ti-cgt-armllvm_4.0.1.LTS\lib\armv6m-ti-none-eabi\c\</path>
         <kind>archive</kind>
         <file>libsysbm.a</file>
         <name>trgmsg.c.obj</name>
      </input_file>
      <input_file id="fl-f4">
         <path>C:\ti\ccs2000\ccs\tools\compiler\ti-cgt-armllvm_4.0.1.LTS\lib\armv6m-ti-none-eabi\</path>
         <kind>archive</kind>
         <file>libclang_rt.builtins.a</file>
         <name>adddf3.S.obj</name>
      </input_file>
      <input_file id="fl-f5">
         <path>C:\ti\ccs2000\ccs\tools\compiler\ti-cgt-armllvm_4.0.1.LTS\lib\armv6m-ti-none-eabi\</path>
         <kind>archive</kind>
         <file>libclang_rt.builtins.a</file>
         <name>muldf3.S.obj</name>
      </input_file>
      <input_file id="fl-f6">
         <path>C:\ti\ccs2000\ccs\tools\compiler\ti-cgt-armllvm_4.0.1.LTS\lib\armv6m-ti-none-eabi\</path>
         <kind>archive</kind>
         <file>libclang_rt.builtins.a</file>
         <name>muldsi3.S.obj</name>
      </input_file>
      <input_file id="fl-f7">
         <path>C:\ti\ccs2000\ccs\tools\compiler\ti-cgt-armllvm_4.0.1.LTS\lib\armv6m-ti-none-eabi\</path>
         <kind>archive</kind>
         <file>libclang_rt.builtins.a</file>
         <name>divdf3.S.obj</name>
      </input_file>
      <input_file id="fl-f8">
         <path>C:\ti\ccs2000\ccs\tools\compiler\ti-cgt-armllvm_4.0.1.LTS\lib\armv6m-ti-none-eabi\</path>
         <kind>archive</kind>
         <file>libclang_rt.builtins.a</file>
         <name>fixdfsi.S.obj</name>
      </input_file>
      <input_file id="fl-f9">
         <path>C:\ti\ccs2000\ccs\tools\compiler\ti-cgt-armllvm_4.0.1.LTS\lib\armv6m-ti-none-eabi\</path>
         <kind>archive</kind>
         <file>libclang_rt.builtins.a</file>
         <name>floatsidf.S.obj</name>
      </input_file>
      <input_file id="fl-fa">
         <path>C:\ti\ccs2000\ccs\tools\compiler\ti-cgt-armllvm_4.0.1.LTS\lib\armv6m-ti-none-eabi\</path>
         <kind>archive</kind>
         <file>libclang_rt.builtins.a</file>
         <name>floatunsidf.S.obj</name>
      </input_file>
      <input_file id="fl-fb">
         <path>C:\ti\ccs2000\ccs\tools\compiler\ti-cgt-armllvm_4.0.1.LTS\lib\armv6m-ti-none-eabi\</path>
         <kind>archive</kind>
         <file>libclang_rt.builtins.a</file>
         <name>muldi3.S.obj</name>
      </input_file>
      <input_file id="fl-fc">
         <path>C:\ti\ccs2000\ccs\tools\compiler\ti-cgt-armllvm_4.0.1.LTS\lib\armv6m-ti-none-eabi\</path>
         <kind>archive</kind>
         <file>libclang_rt.builtins.a</file>
         <name>truncdfsf2.S.obj</name>
      </input_file>
      <input_file id="fl-fd">
         <path>C:\ti\ccs2000\ccs\tools\compiler\ti-cgt-armllvm_4.0.1.LTS\lib\armv6m-ti-none-eabi\</path>
         <kind>archive</kind>
         <file>libclang_rt.builtins.a</file>
         <name>aeabi_dcmp.S.obj</name>
      </input_file>
      <input_file id="fl-fe">
         <path>C:\ti\ccs2000\ccs\tools\compiler\ti-cgt-armllvm_4.0.1.LTS\lib\armv6m-ti-none-eabi\</path>
         <kind>archive</kind>
         <file>libclang_rt.builtins.a</file>
         <name>aeabi_idivmod.S.obj</name>
      </input_file>
      <input_file id="fl-ff">
         <path>C:\ti\ccs2000\ccs\tools\compiler\ti-cgt-armllvm_4.0.1.LTS\lib\armv6m-ti-none-eabi\</path>
         <kind>archive</kind>
         <file>libclang_rt.builtins.a</file>
         <name>aeabi_memcpy.S.obj</name>
      </input_file>
      <input_file id="fl-100">
         <path>C:\ti\ccs2000\ccs\tools\compiler\ti-cgt-armllvm_4.0.1.LTS\lib\armv6m-ti-none-eabi\</path>
         <kind>archive</kind>
         <file>libclang_rt.builtins.a</file>
         <name>aeabi_memset.S.obj</name>
      </input_file>
      <input_file id="fl-101">
         <path>C:\ti\ccs2000\ccs\tools\compiler\ti-cgt-armllvm_4.0.1.LTS\lib\armv6m-ti-none-eabi\</path>
         <kind>archive</kind>
         <file>libclang_rt.builtins.a</file>
         <name>aeabi_uidivmod.S.obj</name>
      </input_file>
      <input_file id="fl-102">
         <path>C:\ti\ccs2000\ccs\tools\compiler\ti-cgt-armllvm_4.0.1.LTS\lib\armv6m-ti-none-eabi\</path>
         <kind>archive</kind>
         <file>libclang_rt.builtins.a</file>
         <name>aeabi_uldivmod.S.obj</name>
      </input_file>
      <input_file id="fl-103">
         <path>C:\ti\ccs2000\ccs\tools\compiler\ti-cgt-armllvm_4.0.1.LTS\lib\armv6m-ti-none-eabi\</path>
         <kind>archive</kind>
         <file>libclang_rt.builtins.a</file>
         <name>udivmoddi4.S.obj</name>
      </input_file>
      <input_file id="fl-104">
         <path>C:\ti\ccs2000\ccs\tools\compiler\ti-cgt-armllvm_4.0.1.LTS\lib\armv6m-ti-none-eabi\</path>
         <kind>archive</kind>
         <file>libclang_rt.builtins.a</file>
         <name>ashldi3.S.obj</name>
      </input_file>
      <input_file id="fl-105">
         <path>C:\ti\ccs2000\ccs\tools\compiler\ti-cgt-armllvm_4.0.1.LTS\lib\armv6m-ti-none-eabi\</path>
         <kind>archive</kind>
         <file>libclang_rt.builtins.a</file>
         <name>comparedf2.c.obj</name>
      </input_file>
      <input_file id="fl-106">
         <path>C:\ti\ccs2000\ccs\tools\compiler\ti-cgt-armllvm_4.0.1.LTS\lib\armv6m-ti-none-eabi\</path>
         <kind>archive</kind>
         <file>libclang_rt.builtins.a</file>
         <name>aeabi_div0.c.obj</name>
      </input_file>
      <input_file id="fl-107">
         <path>C:\ti\ccs2000\ccs\tools\compiler\ti-cgt-armllvm_4.0.1.LTS\lib\armv6m-ti-none-eabi\c\</path>
         <kind>archive</kind>
         <file>libc.a</file>
         <name>getdevice.c.obj</name>
      </input_file>
      <input_file id="fl-108">
         <path>C:\ti\ccs2000\ccs\tools\compiler\ti-cgt-armllvm_4.0.1.LTS\lib\armv6m-ti-none-eabi\c\</path>
         <kind>archive</kind>
         <file>libc.a</file>
         <name>memcpy16.S.obj</name>
      </input_file>
      <input_file id="fl-109">
         <path>C:\ti\ccs2000\ccs\tools\compiler\ti-cgt-armllvm_4.0.1.LTS\lib\armv6m-ti-none-eabi\c\</path>
         <kind>archive</kind>
         <file>libc.a</file>
         <name>memset16.S.obj</name>
      </input_file>
      <input_file id="fl-10a">
         <path>C:\ti\ccs2000\ccs\tools\compiler\ti-cgt-armllvm_4.0.1.LTS\lib\armv6m-ti-none-eabi\c\</path>
         <kind>archive</kind>
         <file>libc.a</file>
         <name>strcmp-armv6m.S.obj</name>
      </input_file>
   </input_file_list>
   <object_component_list>
      <object_component id="oc-18">
         <name>.intvecs</name>
         <load_address>0x0</load_address>
         <readonly>true</readonly>
         <run_address>0x0</run_address>
         <size>0xc0</size>
         <alignment>0x4</alignment>
         <input_file_ref idref="fl-f"/>
      </object_component>
      <object_component id="oc-42">
         <name>.text.TIMG12_IRQHandler</name>
         <load_address>0x1a640</load_address>
         <readonly>true</readonly>
         <executable>true</executable>
         <run_address>0x1a640</run_address>
         <size>0x2f4</size>
         <alignment>0x4</alignment>
         <input_file_ref idref="fl-4"/>
      </object_component>
      <object_component id="oc-158">
         <name>.text._Z17ST7735_DrawBitmapssPKtss</name>
         <load_address>0x1a934</load_address>
         <readonly>true</readonly>
         <executable>true</executable>
         <run_address>0x1a934</run_address>
         <size>0x210</size>
         <alignment>0x4</alignment>
         <input_file_ref idref="fl-7"/>
      </object_component>
      <object_component id="oc-ed">
         <name>.text._Z9GameBeginv</name>
         <load_address>0x1ab44</load_address>
         <readonly>true</readonly>
         <executable>true</executable>
         <run_address>0x1ab44</run_address>
         <size>0x1cc</size>
         <alignment>0x4</alignment>
         <input_file_ref idref="fl-4"/>
      </object_component>
      <object_component id="oc-fb">
         <name>.text._Z4Drawv</name>
         <load_address>0x1ad10</load_address>
         <readonly>true</readonly>
         <executable>true</executable>
         <run_address>0x1ad10</run_address>
         <size>0x1bc</size>
         <alignment>0x4</alignment>
         <input_file_ref idref="fl-4"/>
      </object_component>
      <object_component id="oc-126">
         <name>.text._Z15Clock_Init80MHzi</name>
         <load_address>0x1aecc</load_address>
         <readonly>true</readonly>
         <executable>true</executable>
         <run_address>0x1aecc</run_address>
         <size>0x1b4</size>
         <alignment>0x4</alignment>
         <input_file_ref idref="fl-1"/>
      </object_component>
      <object_component id="oc-20f">
         <name>.text._Z16ST7735_DrawCharSsscssh</name>
         <load_address>0x1b080</load_address>
         <readonly>true</readonly>
         <executable>true</executable>
         <run_address>0x1b080</run_address>
         <size>0x1a0</size>
         <alignment>0x4</alignment>
         <input_file_ref idref="fl-7"/>
      </object_component>
      <object_component id="oc-f5">
         <name>.text._Z21SmallFont_OutVerticaljss</name>
         <load_address>0x1b220</load_address>
         <readonly>true</readonly>
         <executable>true</executable>
         <run_address>0x1b220</run_address>
         <size>0x180</size>
         <alignment>0x4</alignment>
         <input_file_ref idref="fl-9"/>
      </object_component>
      <object_component id="oc-1a9">
         <name>.text._openfile</name>
         <load_address>0x1b3a0</load_address>
         <readonly>true</readonly>
         <executable>true</executable>
         <run_address>0x1b3a0</run_address>
         <size>0x154</size>
         <alignment>0x4</alignment>
         <input_file_ref idref="fl-30"/>
      </object_component>
      <object_component id="oc-a8">
         <name>.text.main</name>
         <load_address>0x1b4f4</load_address>
         <readonly>true</readonly>
         <executable>true</executable>
         <run_address>0x1b4f4</run_address>
         <size>0x13c</size>
         <alignment>0x4</alignment>
         <input_file_ref idref="fl-4"/>
      </object_component>
      <object_component id="oc-151">
         <name>.text._Z8ADC_InitP10ADC12_Regsjj</name>
         <load_address>0x1b630</load_address>
         <readonly>true</readonly>
         <executable>true</executable>
         <run_address>0x1b630</run_address>
         <size>0x128</size>
         <alignment>0x4</alignment>
         <input_file_ref idref="fl-c"/>
      </object_component>
      <object_component id="oc-149">
         <name>.text._Z15ST7735_FillRectsssst</name>
         <load_address>0x1b758</load_address>
         <readonly>true</readonly>
         <executable>true</executable>
         <run_address>0x1b758</run_address>
         <size>0x118</size>
         <alignment>0x4</alignment>
         <input_file_ref idref="fl-7"/>
      </object_component>
      <object_component id="oc-20d">
         <name>.text.aligned_alloc</name>
         <load_address>0x1b870</load_address>
         <readonly>true</readonly>
         <executable>true</executable>
         <run_address>0x1b870</run_address>
         <size>0x114</size>
         <alignment>0x4</alignment>
         <input_file_ref idref="fl-37"/>
      </object_component>
      <object_component id="oc-1ca">
         <name>.text._Z8SPI_Initv</name>
         <load_address>0x1b984</load_address>
         <readonly>true</readonly>
         <executable>true</executable>
         <run_address>0x1b984</run_address>
         <size>0xf8</size>
         <alignment>0x4</alignment>
         <input_file_ref idref="fl-6"/>
      </object_component>
      <object_component id="oc-12b">
         <name>.text.add_device</name>
         <load_address>0x1ba7c</load_address>
         <readonly>true</readonly>
         <executable>true</executable>
         <run_address>0x1ba7c</run_address>
         <size>0xec</size>
         <alignment>0x4</alignment>
         <input_file_ref idref="fl-ea"/>
      </object_component>
      <object_component id="oc-153">
         <name>.text._Z9UART_Initv</name>
         <load_address>0x1bb68</load_address>
         <readonly>true</readonly>
         <executable>true</executable>
         <run_address>0x1bb68</run_address>
         <size>0xe8</size>
         <alignment>0x4</alignment>
         <input_file_ref idref="fl-c"/>
      </object_component>
      <object_component id="oc-1b2">
         <name>.text.free</name>
         <load_address>0x1bc50</load_address>
         <readonly>true</readonly>
         <executable>true</executable>
         <run_address>0x1bc50</run_address>
         <size>0xe8</size>
         <alignment>0x4</alignment>
         <input_file_ref idref="fl-37"/>
      </object_component>
      <object_component id="oc-136">
         <name>.text.setvbuf</name>
         <load_address>0x1bd38</load_address>
         <readonly>true</readonly>
         <executable>true</executable>
         <run_address>0x1bd38</run_address>
         <size>0xe0</size>
         <alignment>0x4</alignment>
         <input_file_ref idref="fl-31"/>
      </object_component>
      <object_component id="oc-1b9">
         <name>.text._Z14ST7735_OutCharc</name>
         <load_address>0x1be18</load_address>
         <readonly>true</readonly>
         <executable>true</executable>
         <run_address>0x1be18</run_address>
         <size>0xd0</size>
         <alignment>0x4</alignment>
         <input_file_ref idref="fl-7"/>
      </object_component>
      <object_component id="oc-82">
         <name>.text._ZN8SlidePot4SaveEj</name>
         <load_address>0x1bee8</load_address>
         <readonly>true</readonly>
         <executable>true</executable>
         <run_address>0x1bee8</run_address>
         <size>0xac</size>
         <alignment>0x4</alignment>
         <input_file_ref idref="fl-8"/>
      </object_component>
      <object_component id="oc-155">
         <name>.text._Z14TimerG7_IntArmtjj</name>
         <load_address>0x1bf94</load_address>
         <readonly>true</readonly>
         <executable>true</executable>
         <run_address>0x1bf94</run_address>
         <size>0xa8</size>
         <alignment>0x4</alignment>
         <input_file_ref idref="fl-d"/>
      </object_component>
      <object_component id="oc-18e">
         <name>.text._ZL11commandListPKh</name>
         <load_address>0x1c03c</load_address>
         <readonly>true</readonly>
         <executable>true</executable>
         <run_address>0x1c03c</run_address>
         <size>0xa2</size>
         <alignment>0x2</alignment>
         <input_file_ref idref="fl-7"/>
      </object_component>
      <object_component id="oc-14f">
         <name>.text._Z9DAC5_Initv</name>
         <load_address>0x1c0de</load_address>
         <readonly>true</readonly>
         <executable>true</executable>
         <run_address>0x1c0de</run_address>
         <size>0x2</size>
         <alignment>0x2</alignment>
         <input_file_ref idref="fl-2"/>
      </object_component>
      <object_component id="oc-fc">
         <name>.text._Z7GameEndv</name>
         <load_address>0x1c0e0</load_address>
         <readonly>true</readonly>
         <executable>true</executable>
         <run_address>0x1c0e0</run_address>
         <size>0xa0</size>
         <alignment>0x4</alignment>
         <input_file_ref idref="fl-4"/>
      </object_component>
      <object_component id="oc-1f5">
         <name>.text.open</name>
         <load_address>0x1c180</load_address>
         <readonly>true</readonly>
         <executable>true</executable>
         <run_address>0x1c180</run_address>
         <size>0xa0</size>
         <alignment>0x4</alignment>
         <input_file_ref idref="fl-e7"/>
      </object_component>
      <object_component id="oc-d9">
         <name>.text._Z17ST7735_InitPrintfv</name>
         <load_address>0x1c220</load_address>
         <readonly>true</readonly>
         <executable>true</executable>
         <run_address>0x1c220</run_address>
         <size>0x9c</size>
         <alignment>0x4</alignment>
         <input_file_ref idref="fl-7"/>
      </object_component>
      <object_component id="oc-12a">
         <name>.text._Z12ST7735_InitR10initRFlags</name>
         <load_address>0x1c2bc</load_address>
         <readonly>true</readonly>
         <executable>true</executable>
         <run_address>0x1c2bc</run_address>
         <size>0x98</size>
         <alignment>0x4</alignment>
         <input_file_ref idref="fl-7"/>
      </object_component>
      <object_component id="oc-e8">
         <name>.text._Z15TimerG12_IntArmjj</name>
         <load_address>0x1c354</load_address>
         <readonly>true</readonly>
         <executable>true</executable>
         <run_address>0x1c354</run_address>
         <size>0x94</size>
         <alignment>0x4</alignment>
         <input_file_ref idref="fl-d"/>
      </object_component>
      <object_component id="oc-fa">
         <name>.text._Z7GameWinv</name>
         <load_address>0x1c3e8</load_address>
         <readonly>true</readonly>
         <executable>true</executable>
         <run_address>0x1c3e8</run_address>
         <size>0x94</size>
         <alignment>0x4</alignment>
         <input_file_ref idref="fl-4"/>
      </object_component>
      <object_component id="oc-1bd">
         <name>.text._ZL13setAddrWindowhhhh</name>
         <load_address>0x1c47c</load_address>
         <readonly>true</readonly>
         <executable>true</executable>
         <run_address>0x1c47c</run_address>
         <size>0x88</size>
         <alignment>0x4</alignment>
         <input_file_ref idref="fl-7"/>
      </object_component>
      <object_component id="oc-69">
         <name>.text._GLOBAL__sub_I_Lab9HMain.cpp</name>
         <load_address>0x1c504</load_address>
         <readonly>true</readonly>
         <executable>true</executable>
         <run_address>0x1c504</run_address>
         <size>0xc</size>
         <alignment>0x2</alignment>
         <input_file_ref idref="fl-4"/>
      </object_component>
      <object_component id="oc-1cd">
         <name>.text:strcmp</name>
         <load_address>0x1c510</load_address>
         <readonly>true</readonly>
         <executable>true</executable>
         <run_address>0x1c510</run_address>
         <size>0x88</size>
         <alignment>0x10</alignment>
         <input_file_ref idref="fl-10a"/>
      </object_component>
      <object_component id="oc-20e">
         <name>.text._Z17ST7735_DrawStringttPcs</name>
         <load_address>0x1c598</load_address>
         <readonly>true</readonly>
         <executable>true</executable>
         <run_address>0x1c598</run_address>
         <size>0x84</size>
         <alignment>0x2</alignment>
         <input_file_ref idref="fl-7"/>
      </object_component>
      <object_component id="oc-d4">
         <name>.text._Z14LaunchPad_Initv</name>
         <load_address>0x1c61c</load_address>
         <readonly>true</readonly>
         <executable>true</executable>
         <run_address>0x1c61c</run_address>
         <size>0x7c</size>
         <alignment>0x4</alignment>
         <input_file_ref idref="fl-5"/>
      </object_component>
      <object_component id="oc-df">
         <name>.text._ZN8SlidePot4InitEv</name>
         <load_address>0x1c698</load_address>
         <readonly>true</readonly>
         <executable>true</executable>
         <run_address>0x1c698</run_address>
         <size>0x7c</size>
         <alignment>0x4</alignment>
         <input_file_ref idref="fl-8"/>
      </object_component>
      <object_component id="oc-1ac">
         <name>.text.__TI_closefile</name>
         <load_address>0x1c714</load_address>
         <readonly>true</readonly>
         <executable>true</executable>
         <run_address>0x1c714</run_address>
         <size>0x7c</size>
         <alignment>0x4</alignment>
         <input_file_ref idref="fl-3e"/>
      </object_component>
      <object_component id="oc-1c">
         <name>.text:decompress:lzss</name>
         <load_address>0x1c790</load_address>
         <readonly>true</readonly>
         <executable>true</executable>
         <run_address>0x1c790</run_address>
         <size>0x7c</size>
         <alignment>0x4</alignment>
         <input_file_ref idref="fl-3a"/>
      </object_component>
      <object_component id="oc-24a">
         <name>.text._Z16ST7735_DrawPixelsst</name>
         <load_address>0x1c80c</load_address>
         <readonly>true</readonly>
         <executable>true</executable>
         <run_address>0x1c80c</run_address>
         <size>0x70</size>
         <alignment>0x4</alignment>
         <input_file_ref idref="fl-7"/>
      </object_component>
      <object_component id="oc-1e3">
         <name>.text.HOSTlseek</name>
         <load_address>0x1c87c</load_address>
         <readonly>true</readonly>
         <executable>true</executable>
         <run_address>0x1c87c</run_address>
         <size>0x6c</size>
         <alignment>0x4</alignment>
         <input_file_ref idref="fl-ed"/>
      </object_component>
      <object_component id="oc-1eb">
         <name>.text.HOSTrename</name>
         <load_address>0x1c8e8</load_address>
         <readonly>true</readonly>
         <executable>true</executable>
         <run_address>0x1c8e8</run_address>
         <size>0x6c</size>
         <alignment>0x4</alignment>
         <input_file_ref idref="fl-f0"/>
      </object_component>
      <object_component id="oc-231">
         <name>.text.getdevice</name>
         <load_address>0x1c954</load_address>
         <readonly>true</readonly>
         <executable>true</executable>
         <run_address>0x1c954</run_address>
         <size>0x6c</size>
         <alignment>0x4</alignment>
         <input_file_ref idref="fl-107"/>
      </object_component>
      <object_component id="oc-248">
         <name>.text.split</name>
         <load_address>0x1c9c0</load_address>
         <readonly>true</readonly>
         <executable>true</executable>
         <run_address>0x1c9c0</run_address>
         <size>0x64</size>
         <alignment>0x4</alignment>
         <input_file_ref idref="fl-37"/>
      </object_component>
      <object_component id="oc-1d3">
         <name>.text.HOSTopen</name>
         <load_address>0x1ca24</load_address>
         <readonly>true</readonly>
         <executable>true</executable>
         <run_address>0x1ca24</run_address>
         <size>0x60</size>
         <alignment>0x4</alignment>
         <input_file_ref idref="fl-ee"/>
      </object_component>
      <object_component id="oc-1db">
         <name>.text.HOSTread</name>
         <load_address>0x1ca84</load_address>
         <readonly>true</readonly>
         <executable>true</executable>
         <run_address>0x1ca84</run_address>
         <size>0x58</size>
         <alignment>0x4</alignment>
         <input_file_ref idref="fl-ef"/>
      </object_component>
      <object_component id="oc-1df">
         <name>.text.HOSTwrite</name>
         <load_address>0x1cadc</load_address>
         <readonly>true</readonly>
         <executable>true</executable>
         <run_address>0x1cadc</run_address>
         <size>0x58</size>
         <alignment>0x4</alignment>
         <input_file_ref idref="fl-f2"/>
      </object_component>
      <object_component id="oc-e7">
         <name>.text._Z10TExaS_InitP10ADC12_RegsjPFhvE</name>
         <load_address>0x1cb34</load_address>
         <readonly>true</readonly>
         <executable>true</executable>
         <run_address>0x1cb34</run_address>
         <size>0x58</size>
         <alignment>0x4</alignment>
         <input_file_ref idref="fl-c"/>
      </object_component>
      <object_component id="oc-17e">
         <name>.text._Z11Sound_StartPKhj</name>
         <load_address>0x1cb8c</load_address>
         <readonly>true</readonly>
         <executable>true</executable>
         <run_address>0x1cb8c</run_address>
         <size>0x58</size>
         <alignment>0x4</alignment>
         <input_file_ref idref="fl-a"/>
      </object_component>
      <object_component id="oc-176">
         <name>.text.__aeabi_idivmod</name>
         <load_address>0x1cbe4</load_address>
         <readonly>true</readonly>
         <executable>true</executable>
         <run_address>0x1cbe4</run_address>
         <size>0x56</size>
         <alignment>0x4</alignment>
         <input_file_ref idref="fl-fe"/>
      </object_component>
      <object_component id="oc-bc">
         <name>.text.__aeabi_idiv0</name>
         <load_address>0x1cc3a</load_address>
         <readonly>true</readonly>
         <executable>true</executable>
         <run_address>0x1cc3a</run_address>
         <size>0x2</size>
         <alignment>0x2</alignment>
         <input_file_ref idref="fl-106"/>
      </object_component>
      <object_component id="oc-10d">
         <name>.text:__TI_auto_init_nobinit</name>
         <load_address>0x1cc3c</load_address>
         <readonly>true</readonly>
         <executable>true</executable>
         <run_address>0x1cc3c</run_address>
         <size>0x54</size>
         <alignment>0x4</alignment>
         <input_file_ref idref="fl-43"/>
      </object_component>
      <object_component id="oc-1f9">
         <name>.text.__TI_doflush</name>
         <load_address>0x1cc90</load_address>
         <readonly>true</readonly>
         <executable>true</executable>
         <run_address>0x1cc90</run_address>
         <size>0x52</size>
         <alignment>0x2</alignment>
         <input_file_ref idref="fl-3f"/>
      </object_component>
      <object_component id="oc-1c1">
         <name>.text._nop</name>
         <load_address>0x1cce2</load_address>
         <readonly>true</readonly>
         <executable>true</executable>
         <run_address>0x1cce2</run_address>
         <size>0x2</size>
         <alignment>0x2</alignment>
         <input_file_ref idref="fl-34"/>
      </object_component>
      <object_component id="oc-1ff">
         <name>.text.close</name>
         <load_address>0x1cce4</load_address>
         <readonly>true</readonly>
         <executable>true</executable>
         <run_address>0x1cce4</run_address>
         <size>0x50</size>
         <alignment>0x4</alignment>
         <input_file_ref idref="fl-e9"/>
      </object_component>
      <object_component id="oc-17a">
         <name>.text._Z15convertToStringj</name>
         <load_address>0x1cd34</load_address>
         <readonly>true</readonly>
         <executable>true</executable>
         <run_address>0x1cd34</run_address>
         <size>0x4c</size>
         <alignment>0x4</alignment>
         <input_file_ref idref="fl-4"/>
      </object_component>
      <object_component id="oc-1d7">
         <name>.text.HOSTclose</name>
         <load_address>0x1cd80</load_address>
         <readonly>true</readonly>
         <executable>true</executable>
         <run_address>0x1cd80</run_address>
         <size>0x48</size>
         <alignment>0x4</alignment>
         <input_file_ref idref="fl-ec"/>
      </object_component>
      <object_component id="oc-1e7">
         <name>.text.HOSTunlink</name>
         <load_address>0x1cdc8</load_address>
         <readonly>true</readonly>
         <executable>true</executable>
         <run_address>0x1cdc8</run_address>
         <size>0x48</size>
         <alignment>0x4</alignment>
         <input_file_ref idref="fl-f1"/>
      </object_component>
      <object_component id="oc-18f">
         <name>.text._Z14SPI_OutCommandc</name>
         <load_address>0x1ce10</load_address>
         <readonly>true</readonly>
         <executable>true</executable>
         <run_address>0x1ce10</run_address>
         <size>0x48</size>
         <alignment>0x4</alignment>
         <input_file_ref idref="fl-6"/>
      </object_component>
      <object_component id="oc-7d">
         <name>.text._ZN8SlidePot2InEv</name>
         <load_address>0x1ce58</load_address>
         <readonly>true</readonly>
         <executable>true</executable>
         <run_address>0x1ce58</run_address>
         <size>0x48</size>
         <alignment>0x4</alignment>
         <input_file_ref idref="fl-8"/>
      </object_component>
      <object_component id="oc-150">
         <name>.text._Z14SysTick_IntArmjj</name>
         <load_address>0x1cea0</load_address>
         <readonly>true</readonly>
         <executable>true</executable>
         <run_address>0x1cea0</run_address>
         <size>0x44</size>
         <alignment>0x4</alignment>
         <input_file_ref idref="fl-a"/>
      </object_component>
      <object_component id="oc-38">
         <name>.text.SysTick_Handler</name>
         <load_address>0x1cee4</load_address>
         <readonly>true</readonly>
         <executable>true</executable>
         <run_address>0x1cee4</run_address>
         <size>0x40</size>
         <alignment>0x4</alignment>
         <input_file_ref idref="fl-a"/>
      </object_component>
      <object_component id="oc-3d">
         <name>.text.TIMG7_IRQHandler</name>
         <load_address>0x1cf24</load_address>
         <readonly>true</readonly>
         <executable>true</executable>
         <run_address>0x1cf24</run_address>
         <size>0x40</size>
         <alignment>0x4</alignment>
         <input_file_ref idref="fl-c"/>
      </object_component>
      <object_component id="oc-211">
         <name>.text._Z9SPI_Resetv</name>
         <load_address>0x1cf64</load_address>
         <readonly>true</readonly>
         <executable>true</executable>
         <run_address>0x1cf64</run_address>
         <size>0x40</size>
         <alignment>0x4</alignment>
         <input_file_ref idref="fl-6"/>
      </object_component>
      <object_component id="oc-89">
         <name>.text.__aeabi_uidivmod</name>
         <load_address>0x1cfa4</load_address>
         <readonly>true</readonly>
         <executable>true</executable>
         <run_address>0x1cfa4</run_address>
         <size>0x40</size>
         <alignment>0x4</alignment>
         <input_file_ref idref="fl-101"/>
      </object_component>
      <object_component id="oc-1a8">
         <name>.text._search_fp</name>
         <load_address>0x1cfe4</load_address>
         <readonly>true</readonly>
         <executable>true</executable>
         <run_address>0x1cfe4</run_address>
         <size>0x40</size>
         <alignment>0x4</alignment>
         <input_file_ref idref="fl-30"/>
      </object_component>
      <object_component id="oc-194">
         <name>.text._Z11SPI_OutDatac</name>
         <load_address>0x1d024</load_address>
         <readonly>true</readonly>
         <executable>true</executable>
         <run_address>0x1d024</run_address>
         <size>0x38</size>
         <alignment>0x4</alignment>
         <input_file_ref idref="fl-6"/>
      </object_component>
      <object_component id="oc-127">
         <name>.text._Z15ActivatePortA_Bv</name>
         <load_address>0x1d05c</load_address>
         <readonly>true</readonly>
         <executable>true</executable>
         <run_address>0x1d05c</run_address>
         <size>0x38</size>
         <alignment>0x4</alignment>
         <input_file_ref idref="fl-5"/>
      </object_component>
      <object_component id="oc-13d">
         <name>.text._Z12ST7735_writeiPKcj</name>
         <load_address>0x1d094</load_address>
         <readonly>true</readonly>
         <executable>true</executable>
         <run_address>0x1d094</run_address>
         <size>0x34</size>
         <alignment>0x2</alignment>
         <input_file_ref idref="fl-7"/>
      </object_component>
      <object_component id="oc-ee">
         <name>.text._Z14Clock_Delay1msj</name>
         <load_address>0x1d0c8</load_address>
         <readonly>true</readonly>
         <executable>true</executable>
         <run_address>0x1d0c8</run_address>
         <size>0x34</size>
         <alignment>0x4</alignment>
         <input_file_ref idref="fl-1"/>
      </object_component>
      <object_component id="oc-159">
         <name>.text._Z16ST7735_SetCursorjj</name>
         <load_address>0x1d0fc</load_address>
         <readonly>true</readonly>
         <executable>true</executable>
         <run_address>0x1d0fc</run_address>
         <size>0x34</size>
         <alignment>0x4</alignment>
         <input_file_ref idref="fl-7"/>
      </object_component>
      <object_component id="oc-e1">
         <name>.text._Z8LED_Initv</name>
         <load_address>0x1d130</load_address>
         <readonly>true</readonly>
         <executable>true</executable>
         <run_address>0x1d130</run_address>
         <size>0x34</size>
         <alignment>0x4</alignment>
         <input_file_ref idref="fl-3"/>
      </object_component>
      <object_component id="oc-83">
         <name>.text._Z9Switch_Inv</name>
         <load_address>0x1d164</load_address>
         <readonly>true</readonly>
         <executable>true</executable>
         <run_address>0x1d164</run_address>
         <size>0x34</size>
         <alignment>0x4</alignment>
         <input_file_ref idref="fl-b"/>
      </object_component>
      <object_component id="oc-1b5">
         <name>.text.__TI_cleanup</name>
         <load_address>0x1d198</load_address>
         <readonly>true</readonly>
         <executable>true</executable>
         <run_address>0x1d198</run_address>
         <size>0x34</size>
         <alignment>0x4</alignment>
         <input_file_ref idref="fl-30"/>
      </object_component>
      <object_component id="oc-219">
         <name>.text.__TI_readmsg</name>
         <load_address>0x1d1cc</load_address>
         <readonly>true</readonly>
         <executable>true</executable>
         <run_address>0x1d1cc</run_address>
         <size>0x34</size>
         <alignment>0x4</alignment>
         <input_file_ref idref="fl-f3"/>
      </object_component>
      <object_component id="oc-213">
         <name>.text.__TI_writemsg</name>
         <load_address>0x1d200</load_address>
         <readonly>true</readonly>
         <executable>true</executable>
         <run_address>0x1d200</run_address>
         <size>0x34</size>
         <alignment>0x4</alignment>
         <input_file_ref idref="fl-f3"/>
      </object_component>
      <object_component id="oc-105">
         <name>.text.exit</name>
         <load_address>0x1d234</load_address>
         <readonly>true</readonly>
         <executable>true</executable>
         <run_address>0x1d234</run_address>
         <size>0x34</size>
         <alignment>0x4</alignment>
         <input_file_ref idref="fl-33"/>
      </object_component>
      <object_component id="oc-19c">
         <name>.text.finddevice</name>
         <load_address>0x1d268</load_address>
         <readonly>true</readonly>
         <executable>true</executable>
         <run_address>0x1d268</run_address>
         <size>0x34</size>
         <alignment>0x4</alignment>
         <input_file_ref idref="fl-107"/>
      </object_component>
      <object_component id="oc-135">
         <name>.text.freopen</name>
         <load_address>0x1d29c</load_address>
         <readonly>true</readonly>
         <executable>true</executable>
         <run_address>0x1d29c</run_address>
         <size>0x34</size>
         <alignment>0x4</alignment>
         <input_file_ref idref="fl-30"/>
      </object_component>
      <object_component id="oc-e6">
         <name>.text._Z10Sound_Initv</name>
         <load_address>0x1d2d0</load_address>
         <readonly>true</readonly>
         <executable>true</executable>
         <run_address>0x1d2d0</run_address>
         <size>0x30</size>
         <alignment>0x4</alignment>
         <input_file_ref idref="fl-a"/>
      </object_component>
      <object_component id="oc-18d">
         <name>.text._ZL10commonInitPKh</name>
         <load_address>0x1d300</load_address>
         <readonly>true</readonly>
         <executable>true</executable>
         <run_address>0x1d300</run_address>
         <size>0x30</size>
         <alignment>0x4</alignment>
         <input_file_ref idref="fl-7"/>
      </object_component>
      <object_component id="oc-b4">
         <name>.text.__cxx_global_var_init.1</name>
         <load_address>0x1d330</load_address>
         <readonly>true</readonly>
         <executable>true</executable>
         <run_address>0x1d330</run_address>
         <size>0x30</size>
         <alignment>0x4</alignment>
         <input_file_ref idref="fl-4"/>
      </object_component>
      <object_component id="oc-12f">
         <name>.text.fopen</name>
         <load_address>0x1d360</load_address>
         <readonly>true</readonly>
         <executable>true</executable>
         <run_address>0x1d360</run_address>
         <size>0x30</size>
         <alignment>0x4</alignment>
         <input_file_ref idref="fl-30"/>
      </object_component>
      <object_component id="oc-de">
         <name>.text._Z17ST7735_FillScreent</name>
         <load_address>0x1d390</load_address>
         <readonly>true</readonly>
         <executable>true</executable>
         <run_address>0x1d390</run_address>
         <size>0x2c</size>
         <alignment>0x4</alignment>
         <input_file_ref idref="fl-7"/>
      </object_component>
      <object_component id="oc-240">
         <name>.text.unlink</name>
         <load_address>0x1d3bc</load_address>
         <readonly>true</readonly>
         <executable>true</executable>
         <run_address>0x1d3bc</run_address>
         <size>0x2c</size>
         <alignment>0x4</alignment>
         <input_file_ref idref="fl-eb"/>
      </object_component>
      <object_component id="oc-e0">
         <name>.text._Z11Switch_Initv</name>
         <load_address>0x1d3e8</load_address>
         <readonly>true</readonly>
         <executable>true</executable>
         <run_address>0x1d3e8</run_address>
         <size>0x28</size>
         <alignment>0x4</alignment>
         <input_file_ref idref="fl-b"/>
      </object_component>
      <object_component id="oc-152">
         <name>.text._Z9ADC_StartP10ADC12_Regs</name>
         <load_address>0x1d410</load_address>
         <readonly>true</readonly>
         <executable>true</executable>
         <run_address>0x1d410</run_address>
         <size>0x28</size>
         <alignment>0x4</alignment>
         <input_file_ref idref="fl-c"/>
      </object_component>
      <object_component id="oc-20c">
         <name>.text.free_list_insert</name>
         <load_address>0x1d438</load_address>
         <readonly>true</readonly>
         <executable>true</executable>
         <run_address>0x1d438</run_address>
         <size>0x28</size>
         <alignment>0x4</alignment>
         <input_file_ref idref="fl-37"/>
      </object_component>
      <object_component id="oc-237">
         <name>.text.write</name>
         <load_address>0x1d460</load_address>
         <readonly>true</readonly>
         <executable>true</executable>
         <run_address>0x1d460</run_address>
         <size>0x28</size>
         <alignment>0x4</alignment>
         <input_file_ref idref="fl-e4"/>
      </object_component>
      <object_component id="oc-62">
         <name>.text:_c_int00_noargs</name>
         <load_address>0x1d488</load_address>
         <readonly>true</readonly>
         <executable>true</executable>
         <run_address>0x1d488</run_address>
         <size>0x28</size>
         <alignment>0x4</alignment>
         <input_file_ref idref="fl-3b"/>
      </object_component>
      <object_component id="oc-15a">
         <name>.text._Z16ST7735_OutStringPc</name>
         <load_address>0x1d4b0</load_address>
         <readonly>true</readonly>
         <executable>true</executable>
         <run_address>0x1d4b0</run_address>
         <size>0x26</size>
         <alignment>0x2</alignment>
         <input_file_ref idref="fl-7"/>
      </object_component>
      <object_component id="oc-bb">
         <name>.text._Z8Random32v</name>
         <load_address>0x1d4d8</load_address>
         <readonly>true</readonly>
         <executable>true</executable>
         <run_address>0x1d4d8</run_address>
         <size>0x20</size>
         <alignment>0x4</alignment>
         <input_file_ref idref="fl-4"/>
      </object_component>
      <object_component id="oc-255">
         <name>.text._ZL9pushColort</name>
         <load_address>0x1d4f8</load_address>
         <readonly>true</readonly>
         <executable>true</executable>
         <run_address>0x1d4f8</run_address>
         <size>0x1e</size>
         <alignment>0x2</alignment>
         <input_file_ref idref="fl-7"/>
      </object_component>
      <object_component id="oc-36">
         <name>.text.Default_Handler</name>
         <load_address>0x1d518</load_address>
         <readonly>true</readonly>
         <executable>true</executable>
         <run_address>0x1d518</run_address>
         <size>0x1c</size>
         <alignment>0x4</alignment>
         <input_file_ref idref="fl-f"/>
      </object_component>
      <object_component id="oc-37">
         <name>.text.HardFault_Handler</name>
         <load_address>0x1d534</load_address>
         <readonly>true</readonly>
         <executable>true</executable>
         <run_address>0x1d534</run_address>
         <size>0x1c</size>
         <alignment>0x4</alignment>
         <input_file_ref idref="fl-f"/>
      </object_component>
      <object_component id="oc-fd">
         <name>.text._Z10Sound_Stopv</name>
         <load_address>0x1d550</load_address>
         <readonly>true</readonly>
         <executable>true</executable>
         <run_address>0x1d550</run_address>
         <size>0x1c</size>
         <alignment>0x4</alignment>
         <input_file_ref idref="fl-a"/>
      </object_component>
      <object_component id="oc-119">
         <name>.text._ZN8SlidePotC2Ejj</name>
         <load_address>0x1d56c</load_address>
         <readonly>true</readonly>
         <executable>true</executable>
         <run_address>0x1d56c</run_address>
         <size>0x1c</size>
         <alignment>0x2</alignment>
         <input_file_ref idref="fl-8"/>
      </object_component>
      <object_component id="oc-20a">
         <name>.text.free_list_remove</name>
         <load_address>0x1d588</load_address>
         <readonly>true</readonly>
         <executable>true</executable>
         <run_address>0x1d588</run_address>
         <size>0x1c</size>
         <alignment>0x4</alignment>
         <input_file_ref idref="fl-37"/>
      </object_component>
      <object_component id="oc-88">
         <name>.text._Z6Randomj</name>
         <load_address>0x1d5a4</load_address>
         <readonly>true</readonly>
         <executable>true</executable>
         <run_address>0x1d5a4</run_address>
         <size>0x18</size>
         <alignment>0x2</alignment>
         <input_file_ref idref="fl-4"/>
      </object_component>
      <object_component id="oc-b3">
         <name>.text.__cxx_global_var_init</name>
         <load_address>0x1d5bc</load_address>
         <readonly>true</readonly>
         <executable>true</executable>
         <run_address>0x1d5bc</run_address>
         <size>0x18</size>
         <alignment>0x4</alignment>
         <input_file_ref idref="fl-4"/>
      </object_component>
      <object_component id="oc-140">
         <name>.text._Z11ST7735_openPKcji</name>
         <load_address>0x1d5d4</load_address>
         <readonly>true</readonly>
         <executable>true</executable>
         <run_address>0x1d5d4</run_address>
         <size>0x16</size>
         <alignment>0x2</alignment>
         <input_file_ref idref="fl-7"/>
      </object_component>
      <object_component id="oc-13e">
         <name>.text._Z11ST7735_readiPcj</name>
         <load_address>0x1d5ea</load_address>
         <readonly>true</readonly>
         <executable>true</executable>
         <run_address>0x1d5ea</run_address>
         <size>0x16</size>
         <alignment>0x2</alignment>
         <input_file_ref idref="fl-7"/>
      </object_component>
      <object_component id="oc-15c">
         <name>.text._ZN8SlidePot8DistanceEv</name>
         <load_address>0x1d600</load_address>
         <readonly>true</readonly>
         <executable>true</executable>
         <run_address>0x1d600</run_address>
         <size>0x16</size>
         <alignment>0x2</alignment>
         <input_file_ref idref="fl-8"/>
      </object_component>
      <object_component id="oc-59">
         <name>.text:decompress:ZI:__TI_zero_init_nomemset</name>
         <load_address>0x1d616</load_address>
         <readonly>true</readonly>
         <executable>true</executable>
         <run_address>0x1d616</run_address>
         <size>0x16</size>
         <alignment>0x2</alignment>
         <input_file_ref idref="fl-38"/>
      </object_component>
      <object_component id="oc-f4">
         <name>.text._Z19ST7735_SetTextColort</name>
         <load_address>0x1d62c</load_address>
         <readonly>true</readonly>
         <executable>true</executable>
         <run_address>0x1d62c</run_address>
         <size>0x14</size>
         <alignment>0x4</alignment>
         <input_file_ref idref="fl-7"/>
      </object_component>
      <object_component id="oc-15b">
         <name>.text._Z6LED_Onj</name>
         <load_address>0x1d640</load_address>
         <readonly>true</readonly>
         <executable>true</executable>
         <run_address>0x1d640</run_address>
         <size>0x14</size>
         <alignment>0x4</alignment>
         <input_file_ref idref="fl-3"/>
      </object_component>
      <object_component id="oc-f3">
         <name>.text._Z7LED_Offj</name>
         <load_address>0x1d654</load_address>
         <readonly>true</readonly>
         <executable>true</executable>
         <run_address>0x1d654</run_address>
         <size>0x14</size>
         <alignment>0x4</alignment>
         <input_file_ref idref="fl-3"/>
      </object_component>
      <object_component id="oc-fe">
         <name>.text._Z8Sound_BGv</name>
         <load_address>0x1d668</load_address>
         <readonly>true</readonly>
         <executable>true</executable>
         <run_address>0x1d668</run_address>
         <size>0x14</size>
         <alignment>0x4</alignment>
         <input_file_ref idref="fl-a"/>
      </object_component>
      <object_component id="oc-c9">
         <name>.text:TI_memcpy_small</name>
         <load_address>0x1d67c</load_address>
         <readonly>true</readonly>
         <executable>true</executable>
         <run_address>0x1d67c</run_address>
         <size>0x12</size>
         <alignment>0x1</alignment>
         <input_file_ref idref="fl-108"/>
      </object_component>
      <object_component id="oc-20">
         <name>.text:decompress:none</name>
         <load_address>0x1d68e</load_address>
         <readonly>true</readonly>
         <executable>true</executable>
         <run_address>0x1d68e</run_address>
         <size>0x12</size>
         <alignment>0x2</alignment>
         <input_file_ref idref="fl-39"/>
      </object_component>
      <object_component id="oc-14c">
         <name>.text._Z11Clock_Delayj</name>
         <load_address>0x1d6a0</load_address>
         <readonly>true</readonly>
         <executable>true</executable>
         <run_address>0x1d6a0</run_address>
         <size>0x10</size>
         <alignment>0x2</alignment>
         <input_file_ref idref="fl-1"/>
      </object_component>
      <object_component id="oc-ff">
         <name>.text._Z28TExaS_LaunchPadLogicPB27PB26v</name>
         <load_address>0x1d6b0</load_address>
         <readonly>true</readonly>
         <executable>true</executable>
         <run_address>0x1d6b0</run_address>
         <size>0x10</size>
         <alignment>0x4</alignment>
         <input_file_ref idref="fl-4"/>
      </object_component>
      <object_component id="oc-20b">
         <name>.text.OUTLINED_FUNCTION_0</name>
         <load_address>0x1d6c0</load_address>
         <readonly>true</readonly>
         <executable>true</executable>
         <run_address>0x1d6c0</run_address>
         <size>0xe</size>
         <alignment>0x2</alignment>
         <input_file_ref idref="fl-37"/>
      </object_component>
      <object_component id="oc-13c">
         <name>.text._Z12ST7735_lseekili</name>
         <load_address>0x1d6ce</load_address>
         <readonly>true</readonly>
         <executable>true</executable>
         <run_address>0x1d6ce</run_address>
         <size>0xe</size>
         <alignment>0x2</alignment>
         <input_file_ref idref="fl-7"/>
      </object_component>
      <object_component id="oc-11a">
         <name>.text._ZN6spriteC2Ev</name>
         <load_address>0x1d6dc</load_address>
         <readonly>true</readonly>
         <executable>true</executable>
         <run_address>0x1d6dc</run_address>
         <size>0xe</size>
         <alignment>0x2</alignment>
         <input_file_ref idref="fl-4"/>
      </object_component>
      <object_component id="oc-22d">
         <name>.text.strcpy</name>
         <load_address>0x1d6ea</load_address>
         <readonly>true</readonly>
         <executable>true</executable>
         <run_address>0x1d6ea</run_address>
         <size>0xe</size>
         <alignment>0x2</alignment>
         <input_file_ref idref="fl-f0"/>
      </object_component>
      <object_component id="oc-22e">
         <name>.text.strlen</name>
         <load_address>0x1d6f8</load_address>
         <readonly>true</readonly>
         <executable>true</executable>
         <run_address>0x1d6f8</run_address>
         <size>0xe</size>
         <alignment>0x2</alignment>
         <input_file_ref idref="fl-f0"/>
      </object_component>
      <object_component id="oc-120">
         <name>.text:TI_memset_small</name>
         <load_address>0x1d706</load_address>
         <readonly>true</readonly>
         <executable>true</executable>
         <run_address>0x1d706</run_address>
         <size>0xe</size>
         <alignment>0x1</alignment>
         <input_file_ref idref="fl-109"/>
      </object_component>
      <object_component id="oc-154">
         <name>.text._Z10Clock_Freqv</name>
         <load_address>0x1d714</load_address>
         <readonly>true</readonly>
         <executable>true</executable>
         <run_address>0x1d714</run_address>
         <size>0xc</size>
         <alignment>0x4</alignment>
         <input_file_ref idref="fl-1"/>
      </object_component>
      <object_component id="oc-13a">
         <name>.text._Z13ST7735_renamePKcS0_</name>
         <load_address>0x1d720</load_address>
         <readonly>true</readonly>
         <executable>true</executable>
         <run_address>0x1d720</run_address>
         <size>0xc</size>
         <alignment>0x2</alignment>
         <input_file_ref idref="fl-7"/>
      </object_component>
      <object_component id="oc-9f">
         <name>.text.__aeabi_memclr</name>
         <load_address>0x1d72c</load_address>
         <readonly>true</readonly>
         <executable>true</executable>
         <run_address>0x1d72c</run_address>
         <size>0xc</size>
         <alignment>0x4</alignment>
         <input_file_ref idref="fl-100"/>
      </object_component>
      <object_component id="oc-1b4">
         <name>.text.malloc</name>
         <load_address>0x1d738</load_address>
         <readonly>true</readonly>
         <executable>true</executable>
         <run_address>0x1d738</run_address>
         <size>0xc</size>
         <alignment>0x2</alignment>
         <input_file_ref idref="fl-37"/>
      </object_component>
      <object_component id="oc-141">
         <name>.text._Z12ST7735_closei</name>
         <load_address>0x1d744</load_address>
         <readonly>true</readonly>
         <executable>true</executable>
         <run_address>0x1d744</run_address>
         <size>0xa</size>
         <alignment>0x2</alignment>
         <input_file_ref idref="fl-7"/>
      </object_component>
      <object_component id="oc-13b">
         <name>.text._Z13ST7735_unlinkPKc</name>
         <load_address>0x1d74e</load_address>
         <readonly>true</readonly>
         <executable>true</executable>
         <run_address>0x1d74e</run_address>
         <size>0xa</size>
         <alignment>0x2</alignment>
         <input_file_ref idref="fl-7"/>
      </object_component>
      <object_component id="oc-d3">
         <name>.text._Z8PLL_Initv</name>
         <load_address>0x1d758</load_address>
         <readonly>true</readonly>
         <executable>true</executable>
         <run_address>0x1d758</run_address>
         <size>0xa</size>
         <alignment>0x2</alignment>
         <input_file_ref idref="fl-4"/>
      </object_component>
      <object_component id="oc-6f">
         <name>.text._Z8DAC5_Outj</name>
         <load_address>0x1d762</load_address>
         <readonly>true</readonly>
         <executable>true</executable>
         <run_address>0x1d762</run_address>
         <size>0x8</size>
         <alignment>0x2</alignment>
         <input_file_ref idref="fl-2"/>
      </object_component>
      <object_component id="oc-52">
         <name>.text.__aeabi_memcpy</name>
         <load_address>0x1d76c</load_address>
         <readonly>true</readonly>
         <executable>true</executable>
         <run_address>0x1d76c</run_address>
         <size>0x8</size>
         <alignment>0x4</alignment>
         <input_file_ref idref="fl-ff"/>
      </object_component>
      <object_component id="oc-203">
         <name>.text.remove</name>
         <load_address>0x1d774</load_address>
         <readonly>true</readonly>
         <executable>true</executable>
         <run_address>0x1d774</run_address>
         <size>0x8</size>
         <alignment>0x2</alignment>
         <input_file_ref idref="fl-e6"/>
      </object_component>
      <object_component id="oc-32">
         <name>.text.Reset_Handler</name>
         <load_address>0x1d77c</load_address>
         <readonly>true</readonly>
         <executable>true</executable>
         <run_address>0x1d77c</run_address>
         <size>0x4</size>
         <alignment>0x2</alignment>
         <input_file_ref idref="fl-f"/>
      </object_component>
      <object_component id="oc-a4">
         <name>.text._system_pre_init</name>
         <load_address>0x1d780</load_address>
         <readonly>true</readonly>
         <executable>true</executable>
         <run_address>0x1d780</run_address>
         <size>0x4</size>
         <alignment>0x2</alignment>
         <input_file_ref idref="fl-44"/>
      </object_component>
      <object_component id="oc-100">
         <name>.text:abort</name>
         <load_address>0x1d784</load_address>
         <readonly>true</readonly>
         <executable>true</executable>
         <run_address>0x1d784</run_address>
         <size>0x4</size>
         <alignment>0x2</alignment>
         <input_file_ref idref="fl-33"/>
      </object_component>
      <object_component id="oc-297">
         <name>.cinit..data.load</name>
         <load_address>0x1d790</load_address>
         <readonly>true</readonly>
         <run_address>0x1d790</run_address>
         <size>0xa9</size>
         <alignment>0x1</alignment>
      </object_component>
      <object_component id="oc-295">
         <name>__TI_handler_table</name>
         <load_address>0x1d83c</load_address>
         <readonly>true</readonly>
         <run_address>0x1d83c</run_address>
         <size>0xc</size>
         <alignment>0x4</alignment>
      </object_component>
      <object_component id="oc-298">
         <name>.cinit..bss.load</name>
         <load_address>0x1d848</load_address>
         <readonly>true</readonly>
         <run_address>0x1d848</run_address>
         <size>0x8</size>
         <alignment>0x4</alignment>
      </object_component>
      <object_component id="oc-296">
         <name>__TI_cinit_table</name>
         <load_address>0x1d850</load_address>
         <readonly>true</readonly>
         <run_address>0x1d850</run_address>
         <size>0x10</size>
         <alignment>0x4</alignment>
      </object_component>
      <object_component id="oc-17f">
         <name>.rodata._ZL9SurfersBG</name>
         <load_address>0xc0</load_address>
         <readonly>true</readonly>
         <run_address>0xc0</run_address>
         <size>0xa68b</size>
         <alignment>0x1</alignment>
         <input_file_ref idref="fl-a"/>
      </object_component>
      <object_component id="oc-15e">
         <name>.rodata._ZL11speedwayBG1</name>
         <load_address>0xa74c</load_address>
         <readonly>true</readonly>
         <run_address>0xa74c</run_address>
         <size>0xa000</size>
         <alignment>0x2</alignment>
         <input_file_ref idref="fl-4"/>
      </object_component>
      <object_component id="oc-15f">
         <name>.rodata._ZL11StartButton</name>
         <load_address>0x1474c</load_address>
         <readonly>true</readonly>
         <run_address>0x1474c</run_address>
         <size>0x1c9e</size>
         <alignment>0x2</alignment>
         <input_file_ref idref="fl-4"/>
      </object_component>
      <object_component id="oc-96">
         <name>.rodata._ZL8clubtent</name>
         <load_address>0x163ea</load_address>
         <readonly>true</readonly>
         <run_address>0x163ea</run_address>
         <size>0x8ac</size>
         <alignment>0x2</alignment>
         <input_file_ref idref="fl-4"/>
      </object_component>
      <object_component id="oc-c7">
         <name>.rodata._ZL5duck1</name>
         <load_address>0x16c96</load_address>
         <readonly>true</readonly>
         <run_address>0x16c96</run_address>
         <size>0x57c</size>
         <alignment>0x2</alignment>
         <input_file_ref idref="fl-4"/>
      </object_component>
      <object_component id="oc-c8">
         <name>.rodata._ZL5duck2</name>
         <load_address>0x17212</load_address>
         <readonly>true</readonly>
         <run_address>0x17212</run_address>
         <size>0x57c</size>
         <alignment>0x2</alignment>
         <input_file_ref idref="fl-4"/>
      </object_component>
      <object_component id="oc-c6">
         <name>.rodata._ZL5jump1</name>
         <load_address>0x1778e</load_address>
         <readonly>true</readonly>
         <run_address>0x1778e</run_address>
         <size>0x57c</size>
         <alignment>0x2</alignment>
         <input_file_ref idref="fl-4"/>
      </object_component>
      <object_component id="oc-98">
         <name>.rodata._ZL8mainchar</name>
         <load_address>0x17d0a</load_address>
         <readonly>true</readonly>
         <run_address>0x17d0a</run_address>
         <size>0x57c</size>
         <alignment>0x2</alignment>
         <input_file_ref idref="fl-4"/>
      </object_component>
      <object_component id="oc-c2">
         <name>.rodata._ZL9mainchar1</name>
         <load_address>0x18286</load_address>
         <readonly>true</readonly>
         <run_address>0x18286</run_address>
         <size>0x57c</size>
         <alignment>0x2</alignment>
         <input_file_ref idref="fl-4"/>
      </object_component>
      <object_component id="oc-c3">
         <name>.rodata._ZL9mainchar2</name>
         <load_address>0x18802</load_address>
         <readonly>true</readonly>
         <run_address>0x18802</run_address>
         <size>0x57c</size>
         <alignment>0x2</alignment>
         <input_file_ref idref="fl-4"/>
      </object_component>
      <object_component id="oc-c4">
         <name>.rodata._ZL9mainchar3</name>
         <load_address>0x18d7e</load_address>
         <readonly>true</readonly>
         <run_address>0x18d7e</run_address>
         <size>0x57c</size>
         <alignment>0x2</alignment>
         <input_file_ref idref="fl-4"/>
      </object_component>
      <object_component id="oc-c5">
         <name>.rodata._ZL9mainchar4</name>
         <load_address>0x192fa</load_address>
         <readonly>true</readonly>
         <run_address>0x192fa</run_address>
         <size>0x57c</size>
         <alignment>0x2</alignment>
         <input_file_ref idref="fl-4"/>
      </object_component>
      <object_component id="oc-24b">
         <name>.rodata._ZL4Font</name>
         <load_address>0x19876</load_address>
         <readonly>true</readonly>
         <run_address>0x19876</run_address>
         <size>0x4fb</size>
         <alignment>0x1</alignment>
         <input_file_ref idref="fl-7"/>
      </object_component>
      <object_component id="oc-97">
         <name>.rodata._ZL7scooter</name>
         <load_address>0x19d72</load_address>
         <readonly>true</readonly>
         <run_address>0x19d72</run_address>
         <size>0x4ec</size>
         <alignment>0x2</alignment>
         <input_file_ref idref="fl-4"/>
      </object_component>
      <object_component id="oc-16e">
         <name>.rodata._ZL17SmallFontVertical</name>
         <load_address>0x1a25e</load_address>
         <readonly>true</readonly>
         <run_address>0x1a25e</run_address>
         <size>0x258</size>
         <alignment>0x2</alignment>
         <input_file_ref idref="fl-9"/>
      </object_component>
      <object_component id="oc-16d">
         <name>.rodata._ZL6dblank</name>
         <load_address>0x1a4b6</load_address>
         <readonly>true</readonly>
         <run_address>0x1a4b6</run_address>
         <size>0x3c</size>
         <alignment>0x2</alignment>
         <input_file_ref idref="fl-9"/>
      </object_component>
      <object_component id="oc-195">
         <name>.rodata._ZL5Rcmd1</name>
         <load_address>0x1a4f2</load_address>
         <readonly>true</readonly>
         <run_address>0x1a4f2</run_address>
         <size>0x3b</size>
         <alignment>0x1</alignment>
         <input_file_ref idref="fl-7"/>
      </object_component>
      <object_component id="oc-19a">
         <name>.rodata._ZL5Rcmd3</name>
         <load_address>0x1a52d</load_address>
         <readonly>true</readonly>
         <run_address>0x1a52d</run_address>
         <size>0x2b</size>
         <alignment>0x1</alignment>
         <input_file_ref idref="fl-7"/>
      </object_component>
      <object_component id="oc-210">
         <name>.rodata.str1.2331925532489309301</name>
         <load_address>0x1a558</load_address>
         <readonly>true</readonly>
         <run_address>0x1a558</run_address>
         <size>0x16</size>
         <alignment>0x1</alignment>
         <input_file_ref idref="fl-7"/>
      </object_component>
      <object_component id="oc-166">
         <name>.rodata.str1.150864919958333191721</name>
         <load_address>0x1a56e</load_address>
         <readonly>true</readonly>
         <run_address>0x1a56e</run_address>
         <size>0x12</size>
         <alignment>0x1</alignment>
         <input_file_ref idref="fl-4"/>
      </object_component>
      <object_component id="oc-162">
         <name>.rodata.str1.102680895847577752451</name>
         <load_address>0x1a580</load_address>
         <readonly>true</readonly>
         <run_address>0x1a580</run_address>
         <size>0x11</size>
         <alignment>0x1</alignment>
         <input_file_ref idref="fl-4"/>
      </object_component>
      <object_component id="oc-197">
         <name>.rodata._ZL10Rcmd2green</name>
[...]
         <value>0x1d56d</value>
         <object_component_ref idref="oc-119"/>
      </symbol>
      <symbol id="sm-18a">
         <name>_ZN8SlidePot4SaveEj</name>
         <value>0x1bee9</value>
         <object_component_ref idref="oc-82"/>
      </symbol>
      <symbol id="sm-18b">
         <name>_ZN8SlidePot8DistanceEv</name>
         <value>0x1d601</value>
         <object_component_ref idref="oc-15c"/>
      </symbol>
      <symbol id="sm-18c">
         <name>_ZN8SlidePotC1Ejj</name>
         <value>0x1d56d</value>
         <object_component_ref idref="oc-119"/>
      </symbol>
      <symbol id="sm-19a">
         <name>_Z21SmallFont_OutVerticaljss</name>
         <value>0x1b221</value>
         <object_component_ref idref="oc-f5"/>
      </symbol>
      <symbol id="sm-1bb">
         <name>_Z14SysTick_IntArmjj</name>
         <value>0x1cea1</value>
         <object_component_ref idref="oc-150"/>
      </symbol>
      <symbol id="sm-1bc">
         <name>_Z10Sound_Initv</name>
         <value>0x1d2d1</value>
         <object_component_ref idref="oc-e6"/>
      </symbol>
      <symbol id="sm-1bd">
         <name>SysTick_Handler</name>
         <value>0x1cee5</value>
         <object_component_ref idref="oc-38"/>
      </symbol>
      <symbol id="sm-1be">
         <name>_Z11Sound_StartPKhj</name>
         <value>0x1cb8d</value>
         <object_component_ref idref="oc-17e"/>
      </symbol>
      <symbol id="sm-1bf">
         <name>_Z10Sound_Stopv</name>
         <value>0x1d551</value>
         <object_component_ref idref="oc-fd"/>
      </symbol>
      <symbol id="sm-1c0">
         <name>_Z8Sound_BGv</name>
         <value>0x1d669</value>
         <object_component_ref idref="oc-fe"/>
      </symbol>
      <symbol id="sm-1cd">
         <name>_Z11Switch_Initv</name>
         <value>0x1d3e9</value>
         <object_component_ref idref="oc-e0"/>
      </symbol>
      <symbol id="sm-1ce">
         <name>_Z9Switch_Inv</name>
         <value>0x1d165</value>
         <object_component_ref idref="oc-83"/>
      </symbol>
      <symbol id="sm-1e4">
         <name>_Z8ADC_InitP10ADC12_Regsjj</name>
         <value>0x1b631</value>
         <object_component_ref idref="oc-151"/>
      </symbol>
      <symbol id="sm-1e5">
         <name>_Z9ADC_StartP10ADC12_Regs</name>
         <value>0x1d411</value>
         <object_component_ref idref="oc-152"/>
      </symbol>
      <symbol id="sm-1e6">
         <name>_Z9UART_Initv</name>
         <value>0x1bb69</value>
         <object_component_ref idref="oc-153"/>
      </symbol>
      <symbol id="sm-1e7">
         <name>TIMG7_IRQHandler</name>
         <value>0x1cf25</value>
         <object_component_ref idref="oc-3d"/>
      </symbol>
      <symbol id="sm-1e8">
         <name>TExaSadc</name>
         <value>0x20200d0c</value>
         <object_component_ref idref="oc-79"/>
      </symbol>
      <symbol id="sm-1e9">
         <name>TExaSLogic</name>
         <value>0x20200d08</value>
         <object_component_ref idref="oc-7a"/>
      </symbol>
      <symbol id="sm-1ea">
         <name>_Z10TExaS_InitP10ADC12_RegsjPFhvE</name>
         <value>0x1cb35</value>
         <object_component_ref idref="oc-e7"/>
      </symbol>
      <symbol id="sm-1f7">
         <name>_Z14TimerG7_IntArmtjj</name>
         <value>0x1bf95</value>
         <object_component_ref idref="oc-155"/>
      </symbol>
      <symbol id="sm-1f8">
         <name>_Z15TimerG12_IntArmjj</name>
         <value>0x1c355</value>
         <object_component_ref idref="oc-e8"/>
      </symbol>
      <symbol id="sm-20a">
         <name>Default_Handler</name>
         <value>0x1d519</value>
         <object_component_ref idref="oc-36"/>
      </symbol>
      <symbol id="sm-20b">
         <name>Reset_Handler</name>
         <value>0x1d77d</value>
         <object_component_ref idref="oc-32"/>
      </symbol>
      <symbol id="sm-20c">
         <name>HardFault_Handler</name>
         <value>0x1d535</value>
         <object_component_ref idref="oc-37"/>
      </symbol>
      <symbol id="sm-20d">
         <name>interruptVectors</name>
         <value>0x0</value>
         <object_component_ref idref="oc-18"/>
      </symbol>
      <symbol id="sm-20e">
         <name>NMI_Handler</name>
         <value>0x1d519</value>
         <object_component_ref idref="oc-36"/>
      </symbol>
      <symbol id="sm-20f">
         <name>SVC_Handler</name>
         <value>0x1d519</value>
         <object_component_ref idref="oc-36"/>
      </symbol>
      <symbol id="sm-210">
         <name>PendSV_Handler</name>
         <value>0x1d519</value>
         <object_component_ref idref="oc-36"/>
      </symbol>
      <symbol id="sm-211">
         <name>GROUP0_IRQHandler</name>
         <value>0x1d519</value>
         <object_component_ref idref="oc-36"/>
      </symbol>
      <symbol id="sm-212">
         <name>GROUP1_IRQHandler</name>
         <value>0x1d519</value>
         <object_component_ref idref="oc-36"/>
      </symbol>
      <symbol id="sm-213">
         <name>TIMG8_IRQHandler</name>
         <value>0x1d519</value>
         <object_component_ref idref="oc-36"/>
      </symbol>
      <symbol id="sm-214">
         <name>UART3_IRQHandler</name>
         <value>0x1d519</value>
         <object_component_ref idref="oc-36"/>
      </symbol>
      <symbol id="sm-215">
         <name>ADC0_IRQHandler</name>
         <value>0x1d519</value>
         <object_component_ref idref="oc-36"/>
      </symbol>
      <symbol id="sm-216">
         <name>ADC1_IRQHandler</name>
         <value>0x1d519</value>
         <object_component_ref idref="oc-36"/>
      </symbol>
      <symbol id="sm-217">
         <name>CANFD0_IRQHandler</name>
         <value>0x1d519</value>
         <object_component_ref idref="oc-36"/>
      </symbol>
      <symbol id="sm-218">
         <name>DAC0_IRQHandler</name>
         <value>0x1d519</value>
         <object_component_ref idref="oc-36"/>
      </symbol>
      <symbol id="sm-219">
         <name>SPI0_IRQHandler</name>
         <value>0x1d519</value>
         <object_component_ref idref="oc-36"/>
      </symbol>
      <symbol id="sm-21a">
         <name>SPI1_IRQHandler</name>
         <value>0x1d519</value>
         <object_component_ref idref="oc-36"/>
      </symbol>
      <symbol id="sm-21b">
         <name>UART1_IRQHandler</name>
         <value>0x1d519</value>
         <object_component_ref idref="oc-36"/>
      </symbol>
      <symbol id="sm-21c">
         <name>UART2_IRQHandler</name>
         <value>0x1d519</value>
         <object_component_ref idref="oc-36"/>
      </symbol>
      <symbol id="sm-21d">
         <name>UART0_IRQHandler</name>
         <value>0x1d519</value>
         <object_component_ref idref="oc-36"/>
      </symbol>
      <symbol id="sm-21e">
         <name>TIMG0_IRQHandler</name>
         <value>0x1d519</value>
         <object_component_ref idref="oc-36"/>
      </symbol>
      <symbol id="sm-21f">
         <name>TIMG6_IRQHandler</name>
         <value>0x1d519</value>
         <object_component_ref idref="oc-36"/>
      </symbol>
      <symbol id="sm-220">
         <name>TIMA0_IRQHandler</name>
         <value>0x1d519</value>
         <object_component_ref idref="oc-36"/>
      </symbol>
      <symbol id="sm-221">
         <name>TIMA1_IRQHandler</name>
         <value>0x1d519</value>
         <object_component_ref idref="oc-36"/>
      </symbol>
      <symbol id="sm-222">
         <name>I2C0_IRQHandler</name>
         <value>0x1d519</value>
         <object_component_ref idref="oc-36"/>
      </symbol>
      <symbol id="sm-223">
         <name>I2C1_IRQHandler</name>
         <value>0x1d519</value>
         <object_component_ref idref="oc-36"/>
      </symbol>
      <symbol id="sm-224">
         <name>AES_IRQHandler</name>
         <value>0x1d519</value>
         <object_component_ref idref="oc-36"/>
      </symbol>
      <symbol id="sm-225">
         <name>RTC_IRQHandler</name>
         <value>0x1d519</value>
         <object_component_ref idref="oc-36"/>
      </symbol>
      <symbol id="sm-226">
         <name>DMA_IRQHandler</name>
         <value>0x1d519</value>
         <object_component_ref idref="oc-36"/>
      </symbol>
      <symbol id="sm-227">
         <name>__TI_ATRegion0_src_addr</name>
         <value>0x0</value>
      </symbol>
      <symbol id="sm-228">
         <name>__TI_ATRegion0_trg_addr</name>
         <value>0x0</value>
      </symbol>
      <symbol id="sm-229">
         <name>__TI_ATRegion0_region_sz</name>
         <value>0x0</value>
      </symbol>
      <symbol id="sm-22a">
         <name>__TI_ATRegion1_src_addr</name>
         <value>0x0</value>
      </symbol>
      <symbol id="sm-22b">
         <name>__TI_ATRegion1_trg_addr</name>
         <value>0x0</value>
      </symbol>
      <symbol id="sm-22c">
         <name>__TI_ATRegion1_region_sz</name>
         <value>0x0</value>
      </symbol>
      <symbol id="sm-22d">
         <name>__TI_ATRegion2_src_addr</name>
         <value>0x0</value>
      </symbol>
      <symbol id="sm-22e">
         <name>__TI_ATRegion2_trg_addr</name>
         <value>0x0</value>
      </symbol>
      <symbol id="sm-22f">
         <name>__TI_ATRegion2_region_sz</name>
         <value>0x0</value>
      </symbol>
      <symbol id="sm-248">
         <name>fopen</name>
         <value>0x1d361</value>
         <object_component_ref idref="oc-12f"/>
      </symbol>
      <symbol id="sm-249">
         <name>__TI_cleanup</name>
         <value>0x1d199</value>
         <object_component_ref idref="oc-1b5"/>
      </symbol>
      <symbol id="sm-24a">
         <name>freopen</name>
         <value>0x1d29d</value>
         <object_component_ref idref="oc-135"/>
      </symbol>
      <symbol id="sm-254">
         <name>setvbuf</name>
         <value>0x1bd39</value>
         <object_component_ref idref="oc-136"/>
      </symbol>
      <symbol id="sm-263">
         <name>abort</name>
         <value>0x1d785</value>
         <object_component_ref idref="oc-100"/>
      </symbol>
      <symbol id="sm-264">
         <name>C$$EXIT</name>
         <value>0x1d784</value>
         <object_component_ref idref="oc-100"/>
      </symbol>
      <symbol id="sm-265">
         <name>__TI_cleanup_ptr</name>
         <value>0x202008e4</value>
         <object_component_ref idref="oc-184"/>
      </symbol>
      <symbol id="sm-266">
         <name>__TI_dtors_ptr</name>
         <value>0x202008e8</value>
         <object_component_ref idref="oc-184"/>
      </symbol>
      <symbol id="sm-267">
         <name>exit</name>
         <value>0x1d235</value>
         <object_component_ref idref="oc-105"/>
      </symbol>
      <symbol id="sm-270">
         <name>_nop</name>
         <value>0x1cce3</value>
         <object_component_ref idref="oc-1c1"/>
      </symbol>
      <symbol id="sm-271">
         <name>_lock</name>
         <value>0x20200918</value>
         <object_component_ref idref="oc-182"/>
      </symbol>
      <symbol id="sm-272">
         <name>_unlock</name>
         <value>0x2020091c</value>
         <object_component_ref idref="oc-185"/>
      </symbol>
      <symbol id="sm-278">
         <name>_ftable</name>
         <value>0x20200668</value>
         <object_component_ref idref="oc-144"/>
      </symbol>
      <symbol id="sm-279">
         <name>__TI_ft_end</name>
         <value>0x20200914</value>
         <object_component_ref idref="oc-1f4"/>
      </symbol>
      <symbol id="sm-27a">
         <name>__TI_tmpnams</name>
         <value>0x20200c58</value>
         <object_component_ref idref="oc-207"/>
      </symbol>
      <symbol id="sm-29d">
         <name>malloc</name>
         <value>0x1d739</value>
         <object_component_ref idref="oc-1b4"/>
      </symbol>
      <symbol id="sm-29e">
         <name>aligned_alloc</name>
         <value>0x1b871</value>
         <object_component_ref idref="oc-20d"/>
      </symbol>
      <symbol id="sm-29f">
         <name>free</name>
         <value>0x1bc51</value>
         <object_component_ref idref="oc-1b2"/>
      </symbol>
      <symbol id="sm-2a0">
         <name>_sys_memory</name>
         <value>0x20200938</value>
         <object_component_ref idref="oc-30"/>
      </symbol>
      <symbol id="sm-2a1">
         <name>memalign</name>
         <value>0x1b871</value>
         <object_component_ref idref="oc-20d"/>
      </symbol>
      <symbol id="sm-2ab">
         <name>__TI_zero_init_nomemset</name>
         <value>0x1d617</value>
         <object_component_ref idref="oc-59"/>
      </symbol>
      <symbol id="sm-2b4">
         <name>__TI_decompress_none</name>
         <value>0x1d68f</value>
         <object_component_ref idref="oc-20"/>
      </symbol>
      <symbol id="sm-2bf">
         <name>__TI_decompress_lzss</name>
         <value>0x1c791</value>
         <object_component_ref idref="oc-1c"/>
      </symbol>
      <symbol id="sm-2ca">
         <name>_c_int00_noargs</name>
         <value>0x1d489</value>
         <object_component_ref idref="oc-62"/>
      </symbol>
      <symbol id="sm-2cb">
         <name>__stack</name>
         <value>0x20207e00</value>
         <object_component_ref idref="oc-1a"/>
      </symbol>
      <symbol id="sm-2d8">
         <name>__TI_closefile</name>
         <value>0x1c715</value>
         <object_component_ref idref="oc-1ac"/>
      </symbol>
      <symbol id="sm-2e2">
         <name>__TI_doflush</name>
         <value>0x1cc91</value>
         <object_component_ref idref="oc-1f9"/>
      </symbol>
      <symbol id="sm-2f0">
         <name>__TI_auto_init_nobinit</name>
         <value>0x1cc3d</value>
         <object_component_ref idref="oc-10d"/>
      </symbol>
      <symbol id="sm-2f8">
         <name>_system_pre_init</name>
         <value>0x1d781</value>
         <object_component_ref idref="oc-a4"/>
      </symbol>
      <symbol id="sm-30b">
         <name>write</name>
         <value>0x1d461</value>
         <object_component_ref idref="oc-237"/>
      </symbol>
      <symbol id="sm-310">
         <name>_device</name>
         <value>0x202007fc</value>
         <object_component_ref idref="oc-1a3"/>
      </symbol>
      <symbol id="sm-311">
         <name>_stream</name>
         <value>0x20200874</value>
         <object_component_ref idref="oc-233"/>
      </symbol>
      <symbol id="sm-31a">
         <name>remove</name>
         <value>0x1d775</value>
         <object_component_ref idref="oc-203"/>
      </symbol>
      <symbol id="sm-326">
         <name>open</name>
         <value>0x1c181</value>
         <object_component_ref idref="oc-1f5"/>
      </symbol>
      <symbol id="sm-331">
         <name>close</name>
         <value>0x1cce5</value>
         <object_component_ref idref="oc-1ff"/>
      </symbol>
      <symbol id="sm-33d">
         <name>add_device</name>
         <value>0x1ba7d</value>
         <object_component_ref idref="oc-12b"/>
      </symbol>
      <symbol id="sm-347">
         <name>unlink</name>
         <value>0x1d3bd</value>
         <object_component_ref idref="oc-240"/>
      </symbol>
      <symbol id="sm-351">
         <name>HOSTclose</name>
         <value>0x1cd81</value>
         <object_component_ref idref="oc-1d7"/>
      </symbol>
      <symbol id="sm-35b">
         <name>HOSTlseek</name>
         <value>0x1c87d</value>
         <object_component_ref idref="oc-1e3"/>
      </symbol>
      <symbol id="sm-365">
         <name>HOSTopen</name>
         <value>0x1ca25</value>
         <object_component_ref idref="oc-1d3"/>
      </symbol>
      <symbol id="sm-366">
         <name>parmbuf</name>
         <value>0x20200cf8</value>
         <object_component_ref idref="oc-21a"/>
      </symbol>
      <symbol id="sm-370">
         <name>HOSTread</name>
         <value>0x1ca85</value>
         <object_component_ref idref="oc-1db"/>
      </symbol>
      <symbol id="sm-381">
         <name>HOSTrename</name>
         <value>0x1c8e9</value>
         <object_component_ref idref="oc-1eb"/>
      </symbol>
      <symbol id="sm-38b">
         <name>HOSTunlink</name>
         <value>0x1cdc9</value>
         <object_component_ref idref="oc-1e7"/>
      </symbol>
      <symbol id="sm-395">
         <name>HOSTwrite</name>
         <value>0x1cadd</value>
         <object_component_ref idref="oc-1df"/>
      </symbol>
      <symbol id="sm-3a3">
         <name>C$$IO$$</name>
         <value>0x1d22d</value>
         <object_component_ref idref="oc-213"/>
      </symbol>
      <symbol id="sm-3a4">
         <name>__TI_writemsg</name>
         <value>0x1d201</value>
         <object_component_ref idref="oc-213"/>
      </symbol>
      <symbol id="sm-3a5">
         <name>__CIOBUF_</name>
         <value>0x20200b38</value>
         <object_component_ref idref="oc-24c"/>
      </symbol>
      <symbol id="sm-3a6">
         <name>__TI_readmsg</name>
         <value>0x1d1cd</value>
         <object_component_ref idref="oc-219"/>
      </symbol>
      <symbol id="sm-3a7">
         <name>_CIOBUF_</name>
         <value>0x20200b38</value>
         <object_component_ref idref="oc-24c"/>
      </symbol>
      <symbol id="sm-3ad">
         <name>__aeabi_idiv</name>
         <value>0x1cbe5</value>
         <object_component_ref idref="oc-176"/>
      </symbol>
      <symbol id="sm-3ae">
         <name>__aeabi_idivmod</name>
         <value>0x1cbe5</value>
         <object_component_ref idref="oc-176"/>
      </symbol>
      <symbol id="sm-3b4">
         <name>__aeabi_memcpy</name>
         <value>0x1d76d</value>
         <object_component_ref idref="oc-52"/>
      </symbol>
      <symbol id="sm-3b5">
         <name>__aeabi_memcpy4</name>
         <value>0x1d76d</value>
         <object_component_ref idref="oc-52"/>
      </symbol>
      <symbol id="sm-3b6">
         <name>__aeabi_memcpy8</name>
         <value>0x1d76d</value>
         <object_component_ref idref="oc-52"/>
      </symbol>
      <symbol id="sm-3bd">
         <name>__aeabi_memclr</name>
         <value>0x1d72d</value>
         <object_component_ref idref="oc-9f"/>
      </symbol>
      <symbol id="sm-3be">
         <name>__aeabi_memclr4</name>
         <value>0x1d72d</value>
         <object_component_ref idref="oc-9f"/>
      </symbol>
      <symbol id="sm-3bf">
         <name>__aeabi_memclr8</name>
         <value>0x1d72d</value>
         <object_component_ref idref="oc-9f"/>
      </symbol>
      <symbol id="sm-3c5">
         <name>__aeabi_uidiv</name>
         <value>0x1cfa5</value>
         <object_component_ref idref="oc-89"/>
      </symbol>
      <symbol id="sm-3c6">
         <name>__aeabi_uidivmod</name>
         <value>0x1cfa5</value>
         <object_component_ref idref="oc-89"/>
      </symbol>
      <symbol id="sm-3d1">
         <name>__aeabi_idiv0</name>
         <value>0x1cc3b</value>
         <object_component_ref idref="oc-bc"/>
      </symbol>
      <symbol id="sm-3df">
         <name>finddevice</name>
         <value>0x1d269</value>
         <object_component_ref idref="oc-19c"/>
      </symbol>
      <symbol id="sm-3e0">
         <name>getdevice</name>
         <value>0x1c955</value>
         <object_component_ref idref="oc-231"/>
      </symbol>
      <symbol id="sm-3e9">
         <name>TI_memcpy_small</name>
         <value>0x1d67d</value>
         <object_component_ref idref="oc-c9"/>
      </symbol>
      <symbol id="sm-3f2">
         <name>TI_memset_small</name>
         <value>0x1d707</value>
         <object_component_ref idref="oc-120"/>
      </symbol>
      <symbol id="sm-3fa">
         <name>strcmp</name>
         <value>0x1c511</value>
         <object_component_ref idref="oc-1cd"/>
      </symbol>
      <symbol id="sm-3fb">
         <name>__TI_static_base__</name>
         <value>0x0</value>
      </symbol>
      <symbol id="sm-3fe">
         <name>__mpu_init</name>
         <value>0x0</value>
      </symbol>
      <symbol id="sm-3ff">
         <name>_system_post_cinit</name>
         <value>0x0</value>
      </symbol>
   </symbol_table>
   <title>Link successful</title>
</link_info>
